#
# There is insufficient memory for the Java Runtime Environment to continue.
# Native memory allocation (mmap) failed to map 14680064 bytes for G1 virtual space
# Possible reasons:
#   The system is out of physical RAM or swap space
#   The process is running with CompressedOops enabled, and the Java Heap may be blocking the growth of the native heap
# Possible solutions:
#   Reduce memory load on the system
#   Increase physical memory or swap space
#   Check if swap backing store is full
#   Decrease Java heap size (-Xmx/-Xms)
#   Decrease number of Java threads
#   Decrease Java thread stack sizes (-Xss)
#   Set larger code cache with -XX:ReservedCodeCacheSize=
#   JVM is running with Unscaled Compressed Oops mode in which the Java heap is
#     placed in the first 4GB address space. The Java Heap base address is the
#     maximum limit for the native heap growth. Please use -XX:HeapBaseMinAddress
#     to set the Java Heap base and to place the Java Heap above 4GB virtual address.
# This output file may be truncated or incomplete.
#
#  Out of Memory Error (os_windows.cpp:3551), pid=10344, tid=3204
#
# JRE version: Java(TM) SE Runtime Environment (17.0.14+8) (build 17.0.14+8-LTS-191)
# Java VM: Java HotSpot(TM) 64-Bit Server VM (17.0.14+8-LTS-191, mixed mode, sharing, tiered, compressed oops, compressed class ptrs, g1 gc, windows-amd64)
# No core dump will be written. Minidumps are not enabled by default on client versions of Windows
#

---------------  S U M M A R Y ------------

Command Line: --module-path=D:\Programs\Neduc\target\classes;C:\Users\MAVET\.m2\repository\org\mindrot\jbcrypt\0.4\jbcrypt-0.4.jar;C:\Users\MAVET\.m2\repository\org\openjfx\javafx-base\13\javafx-base-13-win.jar;C:\Users\MAVET\.m2\repository\org\openjfx\javafx-controls\13\javafx-controls-13-win.jar;C:\Users\MAVET\.m2\repository\org\openjfx\javafx-fxml\13\javafx-fxml-13-win.jar;C:\Users\MAVET\.m2\repository\org\openjfx\javafx-graphics\13\javafx-graphics-13-win.jar --add-modules=com.neduc.neduc -Djdk.module.main=com.neduc.neduc com.neduc.neduc/com.neduc.neduc.App

Host: Intel(R) Core(TM) i5 CPU       M 560  @ 2.67GHz, 4 cores, 3G,  Windows 10 , 64 bit Build 19041 (10.0.19041.5678)
Time: Wed May 14 01:19:21 2025 Paris, Madrid (heure duild 19041 (10.0.19041.5678) elapsed time: 29.956366 seconds (0d 0h 0m 29s)

---------------  T H R E A D  ---------------

Current thread (0x000001ef06849b70):  VMThread "VM Thread" [stack: 0x000000dad1300000,0x000000dad1400000] [id=3204]

Stack: [0x000000dad1300000,0x000000dad1400000]
Native frames: (J=compiled Java code, j=interpreted, Vv=VM code, C=native code)
V  [jvm.dll+0x67a38a]
V  [jvm.dll+0x7da7ed]
V  [jvm.dll+0x7dc133]
V  [jvm.dll+0x7dc7a3]
V  [jvm.dll+0x24517f]
V  [jvm.dll+0x6773b9]
V  [jvm.dll+0x66c062]
V  [jvm.dll+0x302096]
V  [jvm.dll+0x309636]
V  [jvm.dll+0x359f8e]
V  [jvm.dll+0x35a1bf]
V  [jvm.dll+0x2d9168]
V  [jvm.dll+0x2dc1d6]
V  [jvm.dll+0x2e68db]
V  [jvm.dll+0x31a960]
V  [jvm.dll+0x7e109b]
V  [jvm.dll+0x7e1dd4]
V  [jvm.dll+0x7e22ed]
V  [jvm.dll+0x7e26c4]
V  [jvm.dll+0x7e2790]
V  [jvm.dll+0x78b04a]
V  [jvm.dll+0x679275]
C  [ucrtbase.dll+0x21bb2]
C  [KERNEL32.DLL+0x17374]
C  [ntdll.dll+0x4cc91]

VM_Operation (0x000000dad0fffa80): G1Concurrent, mode: safepoint, requested by thread 0x000001ef067dbe50


---------------  P R O C E S S  ---------------

Threads class SMR info:
_java_thread_list=0x000001ef6b9cf850, length=18, elements={
0x000001ef06798240, 0x000001ef0684fa80, 0x000001ef06850700, 0x000001ef0685e330,
0x000001ef21914da0, 0x000001ef21915670, 0x000001ef21915f40, 0x000001ef2191a040,
0x000001ef21924630, 0x000001ef21933f80, 0x000001ef21b3b9b0, 0x000001ef21b39b50,
0x000001ef21b3a060, 0x000001ef21b3a570, 0x000001ef21b3bec0, 0x000001ef21b3af90,
0x000001ef21b3aa80, 0x000001ef21b3c3d0
}

Java Threads: ( => current thread )
  0x000001ef06798240 JavaThread "main" [_thread_blocked, id=4200, stack(0x000000dad0d00000,0x000000dad0e00000)]
  0x000001ef0684fa80 JavaThread "Reference Handler" daemon [_thread_blocked, id=6524, stack(0x000000dad1400000,0x000000dad1500000)]
  0x000001ef06850700 JavaThread "Finalizer" daemon [_thread_blocked, id=2448, stack(0x000000dad1500000,0x000000dad1600000)]
  0x000001ef0685e330 JavaThread "Signal Dispatcher" daemon [_thread_blocked, id=7156, stack(0x000000dad1600000,0x000000dad1700000)]
  0x000001ef21914da0 JavaThread "Attach Listener" daemon [_thread_blocked, id=9156, stack(0x000000dad1700000,0x000000dad1800000)]
  0x000001ef21915670 JavaThread "Service Thread" daemon [_thread_blocked, id=7460, stack(0x000000dad1800000,0x000000dad1900000)]
  0x000001ef21915f40 JavaThread "Monitor Deflation Thread" daemon [_thread_blocked, id=6756, stack(0x000000dad1900000,0x000000dad1a00000)]
  0x000001ef2191a040 JavaThread "C2 CompilerThread0" daemon [_thread_blocked, id=10116, stack(0x000000dad1a00000,0x000000dad1b00000)]
  0x000001ef21924630 JavaThread "C1 CompilerThread0" daemon [_thread_blocked, id=6180, stack(0x000000dad1b00000,0x000000dad1c00000)]
  0x000001ef21933f80 JavaThread "Sweeper thread" daemon [_thread_blocked, id=10800, stack(0x000000dad1c00000,0x000000dad1d00000)]
  0x000001ef21b3b9b0 JavaThread "Common-Cleaner" daemon [_thread_blocked, id=3100, stack(0x000000dad1d00000,0x000000dad1e00000)]
  0x000001ef21b39b50 JavaThread "Notification Thread" daemon [_thread_blocked, id=10804, stack(0x000000dad1e00000,0x000000dad1f00000)]
  0x000001ef21b3a060 JavaThread "QuantumRenderer-0" daemon [_thread_blocked, id=10632, stack(0x000000dad2000000,0x000000dad2100000)]
  0x000001ef21b3a570 JavaThread "InvokeLaterDispatcher" daemon [_thread_blocked, id=8892, stack(0x000000dad2400000,0x000000dad2500000)]
  0x000001ef21b3bec0 JavaThread "JavaFX Application Thread" [_thread_blocked, id=9992, stack(0x000000dad2500000,0x000000dad2600000)]
  0x000001ef21b3af90 JavaThread "Thread-1" daemon [_thread_blocked, id=3060, stack(0x000000dad2700000,0x000000dad2800000)]
  0x000001ef21b3aa80 JavaThread "JavaFX-Launcher" [_thread_blocked, id=2136, stack(0x000000dad2800000,0x000000dad2900000)]
  0x000001ef21b3c3d0 JavaThread "Prism Font Disposer" daemon [_thread_blocked, id=10748, stack(0x000000dad2e00000,0x000000dad2f00000)]

Other Threads:
=>0x000001ef06849b70 VMThread "VM Thread" [stack: 0x000000dad1300000,0x000000dad1400000] [id=3204]
  0x000001ef067e6270 WatcherThread [stack: 0x000000dad1f00000,0x000000dad2000000] [id=2476]
  0x000001ef067d3570 GCTaskThread "GC Thread#0" [stack: 0x000000dad0e00000,0x000000dad0f00000] [id=7992]
  0x000001ef67300a00 GCTaskThread "GC Thread#1" [stack: 0x000000dad2100000,0x000000dad2200000] [id=9968]
  0x000001ef67309d50 GCTaskThread "GC Thread#2" [stack: 0x000000dad2200000,0x000000dad2300000] [id=6476]
  0x000001ef6730a010 GCTaskThread "GC Thread#3" [stack: 0x000000dad2300000,0x000000dad2400000] [id=9028]
  0x000001ef067dbe50 ConcurrentGCThread "G1 Main Marker" [stack: 0x000000dad0f00000,0x000000dad1000000] [id=9312]
  0x000001ef067dcf00 ConcurrentGCThread "G1 Conc#0" [stack: 0x000000dad1000000,0x000000dad1100000] [id=10292]
  0x000001ef06816a60 ConcurrentGCThread "G1 Refine#0" [stack: 0x000000dad1100000,0x000000dad1200000] [id=1892]
  0x000001ef6aa69ce0 ConcurrentGCThread "G1 Refine#1" [stack: 0x000000dad2900000,0x000000dad2a00000] [id=8720]
  0x000001ef6756b040 ConcurrentGCThread "G1 Refine#2" [stack: 0x000000dad2a00000,0x000000dad2b00000] [id=816]
  0x000001ef06817390 ConcurrentGCThread "G1 Service" [stack: 0x000000dad1200000,0x000000dad1300000] [id=4104]

Threads with active compile tasks:
C2 CompilerThread0    30261 2806       4       com.sun.javafx.iio.gif.GIFImageLoader2::decodeImage (161 bytes)

VM state: at safepoint (normal execution)

VM Mutex/Monitor currently owned by a thread:  ([mutex/lock_event])
[0x000001ef067945b0] Threads_lock - owner thread: 0x000001ef06849b70
[0x000001ef06794520] Heap_lock - owner thread: 0x000001ef067dbe50

Heap address: 0x00000000c3200000, size: 974 MB, Compressed Oops mode: 32-bit

CDS archive(s) mapped at: [0x000001ef22000000-0x000001ef22bd0000-0x000001ef22bd0000), size 12386304, SharedBaseAddress: 0x000001ef22000000, ArchiveRelocationMode: 1.
Compressed class space mapped at: 0x000001ef23000000-0x000001ef63000000, reserved size: 1073741824
Narrow klass base: 0x000001ef22000000, Narrow klass shift: 0, Narrow klass range: 0x100000000

GC Precious Log:
 CPUs: 4 total, 4 available
 Memory: 3893M
 Large Page Support: Disabled
 NUMA Support: Disabled
 Compressed Oops: Enabled (32-bit)
 Heap Region Size: 1M
 Heap Min Capacity: 8M
 Heap Initial Capacity: 62M
 Heap Max Capacity: 974M
 Pre-touch: Disabled
 Parallel Workers: 4
 Concurrent Workers: 1
 Concurrent Refinement Workers: 4
 Periodic GC: Disabled

Heap:
 garbage-first heap   total 245760K, used 153621K [0x00000000c3200000, 0x0000000100000000)
  region size 1024K, 5 young (5120K), 3 survivors (3072K)
 Metaspace       used 14322K, committed 14592K, reserved 1114112K
  class space    used 1919K, committed 2048K, reserved 1048576K

Heap Regions: E=young(eden), S=young(survivor), O=old, HS=humongous(starts), HC=humongous(continues), CS=collection set, F=free, OA=open archive, CA=closed archive, TAMS=top-at-mark-start (previous, next)
|   0|0x00000000c3200000, 0x00000000c3300000, 0x00000000c3300000|100%| O|  |TAMS 0x00000000c3300000, 0x00000000c3200000| Untracked 
|   1|0x00000000c3300000, 0x00000000c3400000, 0x00000000c3400000|100%| O|  |TAMS 0x00000000c3400000, 0x00000000c3300000| Untracked 
|   2|0x00000000c3400000, 0x00000000c3500000, 0x00000000c3500000|100%| O|  |TAMS 0x00000000c3500000, 0x00000000c3400000| Untracked 
|   3|0x00000000c3500000, 0x00000000c3600000, 0x00000000c3600000|100%|HS|  |TAMS 0x00000000c3600000, 0x00000000c3500000| Complete 
|   4|0x00000000c3600000, 0x00000000c3700000, 0x00000000c3700000|100%|HS|  |TAMS 0x00000000c3700000, 0x00000000c3600000| Complete 
|   5|0x00000000c3700000, 0x00000000c3800000, 0x00000000c3800000|100%|HS|  |TAMS 0x00000000c3800000, 0x00000000c3700000| Complete 
|   6|0x00000000c3800000, 0x00000000c3900000, 0x00000000c3900000|100%|HS|  |TAMS 0x00000000c3900000, 0x00000000c3800000| Complete 
|   7|0x00000000c3900000, 0x00000000c3a00000, 0x00000000c3a00000|100%|HS|  |TAMS 0x00000000c3a00000, 0x00000000c3900000| Complete 
|   8|0x00000000c3a00000, 0x00000000c3b00000, 0x00000000c3b00000|100%|HS|  |TAMS 0x00000000c3b00000, 0x00000000c3a00000| Complete 
|   9|0x00000000c3b00000, 0x00000000c3c00000, 0x00000000c3c00000|100%|HS|  |TAMS 0x00000000c3c00000, 0x00000000c3b00000| Complete 
|  10|0x00000000c3c00000, 0x00000000c3d00000, 0x00000000c3d00000|100%|HS|  |TAMS 0x00000000c3d00000, 0x00000000c3c00000| Complete 
|  11|0x00000000c3d00000, 0x00000000c3e00000, 0x00000000c3e00000|100%|HS|  |TAMS 0x00000000c3e00000, 0x00000000c3d00000| Complete 
|  12|0x00000000c3e00000, 0x00000000c3f00000, 0x00000000c3f00000|100%|HS|  |TAMS 0x00000000c3f00000, 0x00000000c3e00000| Complete 
|  13|0x00000000c3f00000, 0x00000000c4000000, 0x00000000c4000000|100%|HS|  |TAMS 0x00000000c4000000, 0x00000000c3f00000| Complete 
|  14|0x00000000c4000000, 0x00000000c4100000, 0x00000000c4100000|100%|HS|  |TAMS 0x00000000c4100000, 0x00000000c4000000| Complete 
|  15|0x00000000c4100000, 0x00000000c4200000, 0x00000000c4200000|100%|HS|  |TAMS 0x00000000c4200000, 0x00000000c4100000| Complete 
|  16|0x00000000c4200000, 0x00000000c4300000, 0x00000000c4300000|100%|HS|  |TAMS 0x00000000c4300000, 0x00000000c4200000| Complete 
|  17|0x00000000c4300000, 0x00000000c4400000, 0x00000000c4400000|100%|HS|  |TAMS 0x00000000c4400000, 0x00000000c4300000| Complete 
|  18|0x00000000c4400000, 0x00000000c4500000, 0x00000000c4500000|100%|HS|  |TAMS 0x00000000c4500000, 0x00000000c4400000| Complete 
|  19|0x00000000c4500000, 0x00000000c4600000, 0x00000000c4600000|100%|HS|  |TAMS 0x00000000c4600000, 0x00000000c4500000| Complete 
|  20|0x00000000c4600000, 0x00000000c4700000, 0x00000000c4700000|100%|HS|  |TAMS 0x00000000c4700000, 0x00000000c4600000| Complete 
|  21|0x00000000c4700000, 0x00000000c4800000, 0x00000000c4800000|100%|HS|  |TAMS 0x00000000c4800000, 0x00000000c4700000| Complete 
|  22|0x00000000c4800000, 0x00000000c4900000, 0x00000000c4900000|100%|HS|  |TAMS 0x00000000c4900000, 0x00000000c4800000| Complete 
|  23|0x00000000c4900000, 0x00000000c4a00000, 0x00000000c4a00000|100%|HS|  |TAMS 0x00000000c4a00000, 0x00000000c4900000| Complete 
|  24|0x00000000c4a00000, 0x00000000c4b00000, 0x00000000c4b00000|100%|HS|  |TAMS 0x00000000c4b00000, 0x00000000c4a00000| Complete 
|  25|0x00000000c4b00000, 0x00000000c4c00000, 0x00000000c4c00000|100%|HS|  |TAMS 0x00000000c4c00000, 0x00000000c4b00000| Complete 
|  26|0x00000000c4c00000, 0x00000000c4d00000, 0x00000000c4d00000|100%|HS|  |TAMS 0x00000000c4d00000, 0x00000000c4c00000| Complete 
|  27|0x00000000c4d00000, 0x00000000c4e00000, 0x00000000c4e00000|100%| O|  |TAMS 0x00000000c4e00000, 0x00000000c4d00000| Untracked 
|  28|0x00000000c4e00000, 0x00000000c4f00000, 0x00000000c4f00000|100%| O|  |TAMS 0x00000000c4f00000, 0x00000000c4e00000| Untracked 
|  29|0x00000000c4f00000, 0x00000000c5000000, 0x00000000c5000000|100%| O|  |TAMS 0x00000000c5000000, 0x00000000c4f00000| Untracked 
|  30|0x00000000c5000000, 0x00000000c5100000, 0x00000000c5100000|100%|HS|  |TAMS 0x00000000c5100000, 0x00000000c5000000| Complete 
|  31|0x00000000c5100000, 0x00000000c5200000, 0x00000000c5200000|100%|HS|  |TAMS 0x00000000c5200000, 0x00000000c5100000| Complete 
|  32|0x00000000c5200000, 0x00000000c5300000, 0x00000000c5300000|100%|HS|  |TAMS 0x00000000c5300000, 0x00000000c5200000| Complete 
|  33|0x00000000c5300000, 0x00000000c536c000, 0x00000000c5400000| 42%| O|  |TAMS 0x00000000c536b600, 0x00000000c5300000| Updating 
|  34|0x00000000c5400000, 0x00000000c5500000, 0x00000000c5500000|100%|HS|  |TAMS 0x00000000c5500000, 0x00000000c5400000| Complete 
|  35|0x00000000c5500000, 0x00000000c5600000, 0x00000000c5600000|100%|HS|  |TAMS 0x00000000c5600000, 0x00000000c5500000| Complete 
|  36|0x00000000c5600000, 0x00000000c5700000, 0x00000000c5700000|100%|HS|  |TAMS 0x00000000c5700000, 0x00000000c5600000| Complete 
|  37|0x00000000c5700000, 0x00000000c5800000, 0x00000000c5800000|100%|HS|  |TAMS 0x00000000c5800000, 0x00000000c5700000| Complete 
|  38|0x00000000c5800000, 0x00000000c5900000, 0x00000000c5900000|100%|HS|  |TAMS 0x00000000c5900000, 0x00000000c5800000| Complete 
|  39|0x00000000c5900000, 0x00000000c5a00000, 0x00000000c5a00000|100%|HS|  |TAMS 0x00000000c5a00000, 0x00000000c5900000| Complete 
|  40|0x00000000c5a00000, 0x00000000c5b00000, 0x00000000c5b00000|100%|HS|  |TAMS 0x00000000c5b00000, 0x00000000c5a00000| Complete 
|  41|0x00000000c5b00000, 0x00000000c5c00000, 0x00000000c5c00000|100%|HS|  |TAMS 0x00000000c5c00000, 0x00000000c5b00000| Complete 
|  42|0x00000000c5c00000, 0x00000000c5d00000, 0x00000000c5d00000|100%|HS|  |TAMS 0x00000000c5d00000, 0x00000000c5c00000| Complete 
|  43|0x00000000c5d00000, 0x00000000c5e00000, 0x00000000c5e00000|100%|HS|  |TAMS 0x00000000c5e00000, 0x00000000c5d00000| Complete 
|  44|0x00000000c5e00000, 0x00000000c5f00000, 0x00000000c5f00000|100%|HS|  |TAMS 0x00000000c5f00000, 0x00000000c5e00000| Complete 
|  45|0x00000000c5f00000, 0x00000000c6000000, 0x00000000c6000000|100%|HS|  |TAMS 0x00000000c6000000, 0x00000000c5f00000| Complete 
|  46|0x00000000c6000000, 0x00000000c6100000, 0x00000000c6100000|100%|HS|  |TAMS 0x00000000c6100000, 0x00000000c6000000| Complete 
|  47|0x00000000c6100000, 0x00000000c6200000, 0x00000000c6200000|100%|HS|  |TAMS 0x00000000c6200000, 0x00000000c6100000| Complete 
|  48|0x00000000c6200000, 0x00000000c6300000, 0x00000000c6300000|100%|HS|  |TAMS 0x00000000c6300000, 0x00000000c6200000| Complete 
|  49|0x00000000c6300000, 0x00000000c6400000, 0x00000000c6400000|100%|HS|  |TAMS 0x00000000c6400000, 0x00000000c6300000| Complete 
|  50|0x00000000c6400000, 0x00000000c6500000, 0x00000000c6500000|100%|HS|  |TAMS 0x00000000c6500000, 0x00000000c6400000| Complete 
|  51|0x00000000c6500000, 0x00000000c6600000, 0x00000000c6600000|100%|HS|  |TAMS 0x00000000c6600000, 0x00000000c6500000| Complete 
|  52|0x00000000c6600000, 0x00000000c6700000, 0x00000000c6700000|100%|HS|  |TAMS 0x00000000c6700000, 0x00000000c6600000| Complete 
|  53|0x00000000c6700000, 0x00000000c6800000, 0x00000000c6800000|100%|HS|  |TAMS 0x00000000c6800000, 0x00000000c6700000| Complete 
|  54|0x00000000c6800000, 0x00000000c6900000, 0x00000000c6900000|100%|HS|  |TAMS 0x00000000c6900000, 0x00000000c6800000| Complete 
|  55|0x00000000c6900000, 0x00000000c6a00000, 0x00000000c6a00000|100%|HS|  |TAMS 0x00000000c6a00000, 0x00000000c6900000| Complete 
|  56|0x00000000c6a00000, 0x00000000c6b00000, 0x00000000c6b00000|100%|HS|  |TAMS 0x00000000c6b00000, 0x00000000c6a00000| Complete 
|  57|0x00000000c6b00000, 0x00000000c6c00000, 0x00000000c6c00000|100%|HS|  |TAMS 0x00000000c6c00000, 0x00000000c6b00000| Complete 
|  58|0x00000000c6c00000, 0x00000000c6d00000, 0x00000000c6d00000|100%|HS|  |TAMS 0x00000000c6d00000, 0x00000000c6c00000| Complete 
|  59|0x00000000c6d00000, 0x00000000c6e00000, 0x00000000c6e00000|100%|HS|  |TAMS 0x00000000c6e00000, 0x00000000c6d00000| Complete 
|  60|0x00000000c6e00000, 0x00000000c6f00000, 0x00000000c6f00000|100%|HS|  |TAMS 0x00000000c6f00000, 0x00000000c6e00000| Complete 
|  61|0x00000000c6f00000, 0x00000000c7000000, 0x00000000c7000000|100%|HS|  |TAMS 0x00000000c7000000, 0x00000000c6f00000| Complete 
|  62|0x00000000c7000000, 0x00000000c7100000, 0x00000000c7100000|100%|HS|  |TAMS 0x00000000c7100000, 0x00000000c7000000| Complete 
|  63|0x00000000c7100000, 0x00000000c7200000, 0x00000000c7200000|100%|HS|  |TAMS 0x00000000c7200000, 0x00000000c7100000| Complete 
|  64|0x00000000c7200000, 0x00000000c7300000, 0x00000000c7300000|100%|HS|  |TAMS 0x00000000c7300000, 0x00000000c7200000| Complete 
|  65|0x00000000c7300000, 0x00000000c7400000, 0x00000000c7400000|100%|HS|  |TAMS 0x00000000c7400000, 0x00000000c7300000| Complete 
|  66|0x00000000c7400000, 0x00000000c7500000, 0x00000000c7500000|100%|HS|  |TAMS 0x00000000c7500000, 0x00000000c7400000| Complete 
|  67|0x00000000c7500000, 0x00000000c7600000, 0x00000000c7600000|100%|HS|  |TAMS 0x00000000c7600000, 0x00000000c7500000| Complete 
|  68|0x00000000c7600000, 0x00000000c7700000, 0x00000000c7700000|100%|HS|  |TAMS 0x00000000c7700000, 0x00000000c7600000| Complete 
|  69|0x00000000c7700000, 0x00000000c7800000, 0x00000000c7800000|100%|HS|  |TAMS 0x00000000c7800000, 0x00000000c7700000| Complete 
|  70|0x00000000c7800000, 0x00000000c7900000, 0x00000000c7900000|100%|HS|  |TAMS 0x00000000c7900000, 0x00000000c7800000| Complete 
|  71|0x00000000c7900000, 0x00000000c7a00000, 0x00000000c7a00000|100%|HS|  |TAMS 0x00000000c7a00000, 0x00000000c7900000| Complete 
|  72|0x00000000c7a00000, 0x00000000c7b00000, 0x00000000c7b00000|100%|HS|  |TAMS 0x00000000c7b00000, 0x00000000c7a00000| Complete 
|  73|0x00000000c7b00000, 0x00000000c7c00000, 0x00000000c7c00000|100%|HS|  |TAMS 0x00000000c7c00000, 0x00000000c7b00000| Complete 
|  74|0x00000000c7c00000, 0x00000000c7d00000, 0x00000000c7d00000|100%|HS|  |TAMS 0x00000000c7d00000, 0x00000000c7c00000| Complete 
|  75|0x00000000c7d00000, 0x00000000c7e00000, 0x00000000c7e00000|100%|HS|  |TAMS 0x00000000c7e00000, 0x00000000c7d00000| Complete 
|  76|0x00000000c7e00000, 0x00000000c7f00000, 0x00000000c7f00000|100%|HS|  |TAMS 0x00000000c7f00000, 0x00000000c7e00000| Complete 
|  77|0x00000000c7f00000, 0x00000000c8000000, 0x00000000c8000000|100%|HS|  |TAMS 0x00000000c8000000, 0x00000000c7f00000| Complete 
|  78|0x00000000c8000000, 0x00000000c8100000, 0x00000000c8100000|100%|HS|  |TAMS 0x00000000c8100000, 0x00000000c8000000| Complete 
|  79|0x00000000c8100000, 0x00000000c8200000, 0x00000000c8200000|100%|HS|  |TAMS 0x00000000c8200000, 0x00000000c8100000| Complete 
|  80|0x00000000c8200000, 0x00000000c8300000, 0x00000000c8300000|100%|HS|  |TAMS 0x00000000c8300000, 0x00000000c8200000| Complete 
|  81|0x00000000c8300000, 0x00000000c8400000, 0x00000000c8400000|100%|HS|  |TAMS 0x00000000c8400000, 0x00000000c8300000| Complete 
|  82|0x00000000c8400000, 0x00000000c8500000, 0x00000000c8500000|100%|HS|  |TAMS 0x00000000c8500000, 0x00000000c8400000| Complete 
|  83|0x00000000c8500000, 0x00000000c8600000, 0x00000000c8600000|100%|HS|  |TAMS 0x00000000c8600000, 0x00000000c8500000| Complete 
|  84|0x00000000c8600000, 0x00000000c8700000, 0x00000000c8700000|100%|HS|  |TAMS 0x00000000c8700000, 0x00000000c8600000| Complete 
|  85|0x00000000c8700000, 0x00000000c8800000, 0x00000000c8800000|100%|HS|  |TAMS 0x00000000c8800000, 0x00000000c8700000| Complete 
|  86|0x00000000c8800000, 0x00000000c8900000, 0x00000000c8900000|100%|HS|  |TAMS 0x00000000c8900000, 0x00000000c8800000| Complete 
|  87|0x00000000c8900000, 0x00000000c8a00000, 0x00000000c8a00000|100%|HS|  |TAMS 0x00000000c8a00000, 0x00000000c8900000| Complete 
|  88|0x00000000c8a00000, 0x00000000c8b00000, 0x00000000c8b00000|100%|HS|  |TAMS 0x00000000c8b00000, 0x00000000c8a00000| Complete 
|  89|0x00000000c8b00000, 0x00000000c8c00000, 0x00000000c8c00000|100%|HS|  |TAMS 0x00000000c8c00000, 0x00000000c8b00000| Complete 
|  90|0x00000000c8c00000, 0x00000000c8d00000, 0x00000000c8d00000|100%|HS|  |TAMS 0x00000000c8d00000, 0x00000000c8c00000| Complete 
|  91|0x00000000c8d00000, 0x00000000c8e00000, 0x00000000c8e00000|100%|HS|  |TAMS 0x00000000c8e00000, 0x00000000c8d00000| Complete 
|  92|0x00000000c8e00000, 0x00000000c8f00000, 0x00000000c8f00000|100%|HS|  |TAMS 0x00000000c8f00000, 0x00000000c8e00000| Complete 
|  93|0x00000000c8f00000, 0x00000000c9000000, 0x00000000c9000000|100%|HS|  |TAMS 0x00000000c9000000, 0x00000000c8f00000| Complete 
|  94|0x00000000c9000000, 0x00000000c9100000, 0x00000000c9100000|100%|HS|  |TAMS 0x00000000c9100000, 0x00000000c9000000| Complete 
|  95|0x00000000c9100000, 0x00000000c9200000, 0x00000000c9200000|100%|HS|  |TAMS 0x00000000c9200000, 0x00000000c9100000| Complete 
|  96|0x00000000c9200000, 0x00000000c9300000, 0x00000000c9300000|100%|HS|  |TAMS 0x00000000c9300000, 0x00000000c9200000| Complete 
|  97|0x00000000c9300000, 0x00000000c9400000, 0x00000000c9400000|100%|HS|  |TAMS 0x00000000c9400000, 0x00000000c9300000| Complete 
|  98|0x00000000c9400000, 0x00000000c9500000, 0x00000000c9500000|100%|HS|  |TAMS 0x00000000c9500000, 0x00000000c9400000| Complete 
|  99|0x00000000c9500000, 0x00000000c9600000, 0x00000000c9600000|100%|HS|  |TAMS 0x00000000c9600000, 0x00000000c9500000| Complete 
| 100|0x00000000c9600000, 0x00000000c9700000, 0x00000000c9700000|100%|HS|  |TAMS 0x00000000c9700000, 0x00000000c9600000| Complete 
| 101|0x00000000c9700000, 0x00000000c9800000, 0x00000000c9800000|100%|HS|  |TAMS 0x00000000c9800000, 0x00000000c9700000| Complete 
| 102|0x00000000c9800000, 0x00000000c9900000, 0x00000000c9900000|100%|HS|  |TAMS 0x00000000c9900000, 0x00000000c9800000| Complete 
| 103|0x00000000c9900000, 0x00000000c9a00000, 0x00000000c9a00000|100%|HS|  |TAMS 0x00000000c9a00000, 0x00000000c9900000| Complete 
| 104|0x00000000c9a00000, 0x00000000c9b00000, 0x00000000c9b00000|100%|HS|  |TAMS 0x00000000c9b00000, 0x00000000c9a00000| Complete 
| 105|0x00000000c9b00000, 0x00000000c9c00000, 0x00000000c9c00000|100%|HS|  |TAMS 0x00000000c9c00000, 0x00000000c9b00000| Complete 
| 106|0x00000000c9c00000, 0x00000000c9d00000, 0x00000000c9d00000|100%|HS|  |TAMS 0x00000000c9d00000, 0x00000000c9c00000| Complete 
| 107|0x00000000c9d00000, 0x00000000c9e00000, 0x00000000c9e00000|100%|HS|  |TAMS 0x00000000c9e00000, 0x00000000c9d00000| Complete 
| 108|0x00000000c9e00000, 0x00000000c9f00000, 0x00000000c9f00000|100%|HS|  |TAMS 0x00000000c9f00000, 0x00000000c9e00000| Complete 
| 109|0x00000000c9f00000, 0x00000000ca000000, 0x00000000ca000000|100%|HS|  |TAMS 0x00000000ca000000, 0x00000000c9f00000| Complete 
| 110|0x00000000ca000000, 0x00000000ca100000, 0x00000000ca100000|100%|HS|  |TAMS 0x00000000ca100000, 0x00000000ca000000| Complete 
| 111|0x00000000ca100000, 0x00000000ca200000, 0x00000000ca200000|100%|HS|  |TAMS 0x00000000ca200000, 0x00000000ca100000| Complete 
| 112|0x00000000ca200000, 0x00000000ca300000, 0x00000000ca300000|100%|HS|  |TAMS 0x00000000ca300000, 0x00000000ca200000| Complete 
| 113|0x00000000ca300000, 0x00000000ca400000, 0x00000000ca400000|100%|HS|  |TAMS 0x00000000ca400000, 0x00000000ca300000| Complete 
| 114|0x00000000ca400000, 0x00000000ca500000, 0x00000000ca500000|100%|HS|  |TAMS 0x00000000ca500000, 0x00000000ca400000| Complete 
| 115|0x00000000ca500000, 0x00000000ca600000, 0x00000000ca600000|100%|HS|  |TAMS 0x00000000ca600000, 0x00000000ca500000| Complete 
| 116|0x00000000ca600000, 0x00000000ca700000, 0x00000000ca700000|100%|HS|  |TAMS 0x00000000ca700000, 0x00000000ca600000| Complete 
| 117|0x00000000ca700000, 0x00000000ca800000, 0x00000000ca800000|100%|HS|  |TAMS 0x00000000ca800000, 0x00000000ca700000| Complete 
| 118|0x00000000ca800000, 0x00000000ca900000, 0x00000000ca900000|100%|HS|  |TAMS 0x00000000ca900000, 0x00000000ca800000| Complete 
| 119|0x00000000ca900000, 0x00000000caa00000, 0x00000000caa00000|100%|HS|  |TAMS 0x00000000caa00000, 0x00000000ca900000| Complete 
| 120|0x00000000caa00000, 0x00000000cab00000, 0x00000000cab00000|100%|HS|  |TAMS 0x00000000cab00000, 0x00000000caa00000| Complete 
| 121|0x00000000cab00000, 0x00000000cac00000, 0x00000000cac00000|100%|HS|  |TAMS 0x00000000cac00000, 0x00000000cab00000| Complete 
| 122|0x00000000cac00000, 0x00000000cad00000, 0x00000000cad00000|100%|HS|  |TAMS 0x00000000cad00000, 0x00000000cac00000| Complete 
| 123|0x00000000cad00000, 0x00000000cae00000, 0x00000000cae00000|100%|HS|  |TAMS 0x00000000cae00000, 0x00000000cad00000| Complete 
| 124|0x00000000cae00000, 0x00000000caf00000, 0x00000000caf00000|100%|HS|  |TAMS 0x00000000caf00000, 0x00000000cae00000| Complete 
| 125|0x00000000caf00000, 0x00000000cb000000, 0x00000000cb000000|100%|HS|  |TAMS 0x00000000cb000000, 0x00000000caf00000| Complete 
| 126|0x00000000cb000000, 0x00000000cb100000, 0x00000000cb100000|100%|HS|  |TAMS 0x00000000cb100000, 0x00000000cb000000| Complete 
| 127|0x00000000cb100000, 0x00000000cb200000, 0x00000000cb200000|100%|HS|  |TAMS 0x00000000cb200000, 0x00000000cb100000| Complete 
| 128|0x00000000cb200000, 0x00000000cb300000, 0x00000000cb300000|100%|HS|  |TAMS 0x00000000cb300000, 0x00000000cb200000| Complete 
| 129|0x00000000cb300000, 0x00000000cb400000, 0x00000000cb400000|100%|HS|  |TAMS 0x00000000cb400000, 0x00000000cb300000| Complete 
| 130|0x00000000cb400000, 0x00000000cb500000, 0x00000000cb500000|100%|HS|  |TAMS 0x00000000cb500000, 0x00000000cb400000| Complete 
| 131|0x00000000cb500000, 0x00000000cb600000, 0x00000000cb600000|100%|HS|  |TAMS 0x00000000cb600000, 0x00000000cb500000| Complete 
| 132|0x00000000cb600000, 0x00000000cb700000, 0x00000000cb700000|100%|HS|  |TAMS 0x00000000cb700000, 0x00000000cb600000| Complete 
| 133|0x00000000cb700000, 0x00000000cb800000, 0x00000000cb800000|100%|HS|  |TAMS 0x00000000cb800000, 0x00000000cb700000| Complete 
| 134|0x00000000cb800000, 0x00000000cb900000, 0x00000000cb900000|100%|HS|  |TAMS 0x00000000cb900000, 0x00000000cb800000| Complete 
| 135|0x00000000cb900000, 0x00000000cba00000, 0x00000000cba00000|100%|HS|  |TAMS 0x00000000cba00000, 0x00000000cb900000| Complete 
| 136|0x00000000cba00000, 0x00000000cbb00000, 0x00000000cbb00000|100%|HS|  |TAMS 0x00000000cbb00000, 0x00000000cba00000| Complete 
| 137|0x00000000cbb00000, 0x00000000cbc00000, 0x00000000cbc00000|100%|HS|  |TAMS 0x00000000cbc00000, 0x00000000cbb00000| Complete 
| 138|0x00000000cbc00000, 0x00000000cbd00000, 0x00000000cbd00000|100%|HS|  |TAMS 0x00000000cbd00000, 0x00000000cbc00000| Complete 
| 139|0x00000000cbd00000, 0x00000000cbe00000, 0x00000000cbe00000|100%|HS|  |TAMS 0x00000000cbe00000, 0x00000000cbd00000| Complete 
| 140|0x00000000cbe00000, 0x00000000cbf00000, 0x00000000cbf00000|100%|HS|  |TAMS 0x00000000cbf00000, 0x00000000cbe00000| Complete 
| 141|0x00000000cbf00000, 0x00000000cc000000, 0x00000000cc000000|100%|HS|  |TAMS 0x00000000cc000000, 0x00000000cbf00000| Complete 
| 142|0x00000000cc000000, 0x00000000cc100000, 0x00000000cc100000|100%|HS|  |TAMS 0x00000000cc000000, 0x00000000cc000000| Complete 
| 143|0x00000000cc100000, 0x00000000cc200000, 0x00000000cc200000|100%|HS|  |TAMS 0x00000000cc100000, 0x00000000cc100000| Complete 
| 144|0x00000000cc200000, 0x00000000cc300000, 0x00000000cc300000|100%|HS|  |TAMS 0x00000000cc200000, 0x00000000cc200000| Complete 
| 145|0x00000000cc300000, 0x00000000cc400000, 0x00000000cc400000|100%|HS|  |TAMS 0x00000000cc300000, 0x00000000cc300000| Complete 
| 146|0x00000000cc400000, 0x00000000cc500000, 0x00000000cc500000|100%|HS|  |TAMS 0x00000000cc400000, 0x00000000cc400000| Complete 
| 147|0x00000000cc500000, 0x00000000cc500000, 0x00000000cc600000|  0%| F|  |TAMS 0x00000000cc500000, 0x00000000cc500000| Untracked 
| 148|0x00000000cc600000, 0x00000000cc600000, 0x00000000cc700000|  0%| F|  |TAMS 0x00000000cc600000, 0x00000000cc600000| Untracked 
| 149|0x00000000cc700000, 0x00000000cc700000, 0x00000000cc800000|  0%| F|  |TAMS 0x00000000cc700000, 0x00000000cc700000| Untracked 
| 150|0x00000000cc800000, 0x00000000cc800000, 0x00000000cc900000|  0%| F|  |TAMS 0x00000000cc800000, 0x00000000cc800000| Untracked 
| 151|0x00000000cc900000, 0x00000000cc900000, 0x00000000cca00000|  0%| F|  |TAMS 0x00000000cc900000, 0x00000000cc900000| Untracked 
| 152|0x00000000cca00000, 0x00000000cca00000, 0x00000000ccb00000|  0%| F|  |TAMS 0x00000000cca00000, 0x00000000cca00000| Untracked 
| 153|0x00000000ccb00000, 0x00000000ccb00000, 0x00000000ccc00000|  0%| F|  |TAMS 0x00000000ccb00000, 0x00000000ccb00000| Untracked 
| 154|0x00000000ccc00000, 0x00000000ccc00000, 0x00000000ccd00000|  0%| F|  |TAMS 0x00000000ccc00000, 0x00000000ccc00000| Untracked 
| 155|0x00000000ccd00000, 0x00000000ccd00000, 0x00000000cce00000|  0%| F|  |TAMS 0x00000000ccd00000, 0x00000000ccd00000| Untracked 
| 156|0x00000000cce00000, 0x00000000cce00000, 0x00000000ccf00000|  0%| F|  |TAMS 0x00000000cce00000, 0x00000000cce00000| Untracked 
| 157|0x00000000ccf00000, 0x00000000ccf00000, 0x00000000cd000000|  0%| F|  |TAMS 0x00000000ccf00000, 0x00000000ccf00000| Untracked 
| 158|0x00000000cd000000, 0x00000000cd000000, 0x00000000cd100000|  0%| F|  |TAMS 0x00000000cd000000, 0x00000000cd000000| Untracked 
| 159|0x00000000cd100000, 0x00000000cd100000, 0x00000000cd200000|  0%| F|  |TAMS 0x00000000cd100000, 0x00000000cd100000| Untracked 
| 160|0x00000000cd200000, 0x00000000cd200000, 0x00000000cd300000|  0%| F|  |TAMS 0x00000000cd200000, 0x00000000cd200000| Untracked 
| 161|0x00000000cd300000, 0x00000000cd300000, 0x00000000cd400000|  0%| F|  |TAMS 0x00000000cd300000, 0x00000000cd300000| Untracked 
| 162|0x00000000cd400000, 0x00000000cd400000, 0x00000000cd500000|  0%| F|  |TAMS 0x00000000cd400000, 0x00000000cd400000| Untracked 
| 163|0x00000000cd500000, 0x00000000cd500000, 0x00000000cd600000|  0%| F|  |TAMS 0x00000000cd500000, 0x00000000cd500000| Untracked 
| 164|0x00000000cd600000, 0x00000000cd600000, 0x00000000cd700000|  0%| F|  |TAMS 0x00000000cd600000, 0x00000000cd600000| Untracked 
| 165|0x00000000cd700000, 0x00000000cd700000, 0x00000000cd800000|  0%| F|  |TAMS 0x00000000cd700000, 0x00000000cd700000| Untracked 
| 166|0x00000000cd800000, 0x00000000cd800000, 0x00000000cd900000|  0%| F|  |TAMS 0x00000000cd800000, 0x00000000cd800000| Untracked 
| 167|0x00000000cd900000, 0x00000000cd900000, 0x00000000cda00000|  0%| F|  |TAMS 0x00000000cd900000, 0x00000000cd900000| Untracked 
| 168|0x00000000cda00000, 0x00000000cda00000, 0x00000000cdb00000|  0%| F|  |TAMS 0x00000000cda00000, 0x00000000cda00000| Untracked 
| 169|0x00000000cdb00000, 0x00000000cdb00000, 0x00000000cdc00000|  0%| F|  |TAMS 0x00000000cdb00000, 0x00000000cdb00000| Untracked 
| 170|0x00000000cdc00000, 0x00000000cdc00000, 0x00000000cdd00000|  0%| F|  |TAMS 0x00000000cdc00000, 0x00000000cdc00000| Untracked 
| 171|0x00000000cdd00000, 0x00000000cdd00000, 0x00000000cde00000|  0%| F|  |TAMS 0x00000000cdd00000, 0x00000000cdd00000| Untracked 
| 172|0x00000000cde00000, 0x00000000cde00000, 0x00000000cdf00000|  0%| F|  |TAMS 0x00000000cde00000, 0x00000000cde00000| Untracked 
| 173|0x00000000cdf00000, 0x00000000cdf00000, 0x00000000ce000000|  0%| F|  |TAMS 0x00000000cdf00000, 0x00000000cdf00000| Untracked 
| 174|0x00000000ce000000, 0x00000000ce000000, 0x00000000ce100000|  0%| F|  |TAMS 0x00000000ce000000, 0x00000000ce000000| Untracked 
| 175|0x00000000ce100000, 0x00000000ce100000, 0x00000000ce200000|  0%| F|  |TAMS 0x00000000ce100000, 0x00000000ce100000| Untracked 
| 176|0x00000000ce200000, 0x00000000ce200000, 0x00000000ce300000|  0%| F|  |TAMS 0x00000000ce200000, 0x00000000ce200000| Untracked 
| 177|0x00000000ce300000, 0x00000000ce300000, 0x00000000ce400000|  0%| F|  |TAMS 0x00000000ce300000, 0x00000000ce300000| Untracked 
| 178|0x00000000ce400000, 0x00000000ce400000, 0x00000000ce500000|  0%| F|  |TAMS 0x00000000ce400000, 0x00000000ce400000| Untracked 
| 179|0x00000000ce500000, 0x00000000ce500000, 0x00000000ce600000|  0%| F|  |TAMS 0x00000000ce500000, 0x00000000ce500000| Untracked 
| 180|0x00000000ce600000, 0x00000000ce600000, 0x00000000ce700000|  0%| F|  |TAMS 0x00000000ce600000, 0x00000000ce600000| Untracked 
| 181|0x00000000ce700000, 0x00000000ce700000, 0x00000000ce800000|  0%| F|  |TAMS 0x00000000ce700000, 0x00000000ce700000| Untracked 
| 182|0x00000000ce800000, 0x00000000ce800000, 0x00000000ce900000|  0%| F|  |TAMS 0x00000000ce800000, 0x00000000ce800000| Untracked 
| 183|0x00000000ce900000, 0x00000000ce900000, 0x00000000cea00000|  0%| F|  |TAMS 0x00000000ce900000, 0x00000000ce900000| Untracked 
| 184|0x00000000cea00000, 0x00000000cea00000, 0x00000000ceb00000|  0%| F|  |TAMS 0x00000000cea00000, 0x00000000cea00000| Untracked 
| 185|0x00000000ceb00000, 0x00000000ceb00000, 0x00000000cec00000|  0%| F|  |TAMS 0x00000000ceb00000, 0x00000000ceb00000| Untracked 
| 186|0x00000000cec00000, 0x00000000cec00000, 0x00000000ced00000|  0%| F|  |TAMS 0x00000000cec00000, 0x00000000cec00000| Untracked 
| 187|0x00000000ced00000, 0x00000000ced00000, 0x00000000cee00000|  0%| F|  |TAMS 0x00000000ced00000, 0x00000000ced00000| Untracked 
| 188|0x00000000cee00000, 0x00000000cee00000, 0x00000000cef00000|  0%| F|  |TAMS 0x00000000cee00000, 0x00000000cee00000| Untracked 
| 189|0x00000000cef00000, 0x00000000cef00000, 0x00000000cf000000|  0%| F|  |TAMS 0x00000000cef00000, 0x00000000cef00000| Untracked 
| 190|0x00000000cf000000, 0x00000000cf000000, 0x00000000cf100000|  0%| F|  |TAMS 0x00000000cf000000, 0x00000000cf000000| Untracked 
| 191|0x00000000cf100000, 0x00000000cf100000, 0x00000000cf200000|  0%| F|  |TAMS 0x00000000cf100000, 0x00000000cf100000| Untracked 
| 192|0x00000000cf200000, 0x00000000cf200000, 0x00000000cf300000|  0%| F|  |TAMS 0x00000000cf200000, 0x00000000cf200000| Untracked 
| 193|0x00000000cf300000, 0x00000000cf300000, 0x00000000cf400000|  0%| F|  |TAMS 0x00000000cf300000, 0x00000000cf300000| Untracked 
| 194|0x00000000cf400000, 0x00000000cf400000, 0x00000000cf500000|  0%| F|  |TAMS 0x00000000cf400000, 0x00000000cf400000| Untracked 
| 195|0x00000000cf500000, 0x00000000cf500000, 0x00000000cf600000|  0%| F|  |TAMS 0x00000000cf500000, 0x00000000cf500000| Untracked 
| 196|0x00000000cf600000, 0x00000000cf600000, 0x00000000cf700000|  0%| F|  |TAMS 0x00000000cf600000, 0x00000000cf600000| Untracked 
| 197|0x00000000cf700000, 0x00000000cf700000, 0x00000000cf800000|  0%| F|  |TAMS 0x00000000cf700000, 0x00000000cf700000| Untracked 
| 198|0x00000000cf800000, 0x00000000cf800000, 0x00000000cf900000|  0%| F|  |TAMS 0x00000000cf800000, 0x00000000cf800000| Untracked 
| 199|0x00000000cf900000, 0x00000000cf900000, 0x00000000cfa00000|  0%| F|  |TAMS 0x00000000cf900000, 0x00000000cf900000| Untracked 
| 200|0x00000000cfa00000, 0x00000000cfa00000, 0x00000000cfb00000|  0%| F|  |TAMS 0x00000000cfa00000, 0x00000000cfa00000| Untracked 
| 201|0x00000000cfb00000, 0x00000000cfb00000, 0x00000000cfc00000|  0%| F|  |TAMS 0x00000000cfb00000, 0x00000000cfb00000| Untracked 
| 202|0x00000000cfc00000, 0x00000000cfc00000, 0x00000000cfd00000|  0%| F|  |TAMS 0x00000000cfc00000, 0x00000000cfc00000| Untracked 
| 203|0x00000000cfd00000, 0x00000000cfd00000, 0x00000000cfe00000|  0%| F|  |TAMS 0x00000000cfd00000, 0x00000000cfd00000| Untracked 
| 204|0x00000000cfe00000, 0x00000000cfe00000, 0x00000000cff00000|  0%| F|  |TAMS 0x00000000cfe00000, 0x00000000cfe00000| Untracked 
| 205|0x00000000cff00000, 0x00000000cff00000, 0x00000000d0000000|  0%| F|  |TAMS 0x00000000cff00000, 0x00000000cff00000| Untracked 
| 206|0x00000000d0000000, 0x00000000d0000000, 0x00000000d0100000|  0%| F|  |TAMS 0x00000000d0000000, 0x00000000d0000000| Untracked 
| 207|0x00000000d0100000, 0x00000000d0100000, 0x00000000d0200000|  0%| F|  |TAMS 0x00000000d0100000, 0x00000000d0100000| Untracked 
| 208|0x00000000d0200000, 0x00000000d0200000, 0x00000000d0300000|  0%| F|  |TAMS 0x00000000d0200000, 0x00000000d0200000| Untracked 
| 209|0x00000000d0300000, 0x00000000d0300000, 0x00000000d0400000|  0%| F|  |TAMS 0x00000000d0300000, 0x00000000d0300000| Untracked 
| 210|0x00000000d0400000, 0x00000000d0400000, 0x00000000d0500000|  0%| F|  |TAMS 0x00000000d0400000, 0x00000000d0400000| Untracked 
| 211|0x00000000d0500000, 0x00000000d0500000, 0x00000000d0600000|  0%| F|  |TAMS 0x00000000d0500000, 0x00000000d0500000| Untracked 
| 212|0x00000000d0600000, 0x00000000d0600000, 0x00000000d0700000|  0%| F|  |TAMS 0x00000000d0600000, 0x00000000d0600000| Untracked 
| 213|0x00000000d0700000, 0x00000000d0700000, 0x00000000d0800000|  0%| F|  |TAMS 0x00000000d0700000, 0x00000000d0700000| Untracked 
| 214|0x00000000d0800000, 0x00000000d0800000, 0x00000000d0900000|  0%| F|  |TAMS 0x00000000d0800000, 0x00000000d0800000| Untracked 
| 215|0x00000000d0900000, 0x00000000d0900000, 0x00000000d0a00000|  0%| F|  |TAMS 0x00000000d0900000, 0x00000000d0900000| Untracked 
| 216|0x00000000d0a00000, 0x00000000d0a00000, 0x00000000d0b00000|  0%| F|  |TAMS 0x00000000d0a00000, 0x00000000d0a00000| Untracked 
| 217|0x00000000d0b00000, 0x00000000d0b00000, 0x00000000d0c00000|  0%| F|  |TAMS 0x00000000d0b00000, 0x00000000d0b00000| Untracked 
| 218|0x00000000d0c00000, 0x00000000d0c00000, 0x00000000d0d00000|  0%| F|  |TAMS 0x00000000d0c00000, 0x00000000d0c00000| Untracked 
| 219|0x00000000d0d00000, 0x00000000d0d00000, 0x00000000d0e00000|  0%| F|  |TAMS 0x00000000d0d00000, 0x00000000d0d00000| Untracked 
| 220|0x00000000d0e00000, 0x00000000d0e00000, 0x00000000d0f00000|  0%| F|  |TAMS 0x00000000d0e00000, 0x00000000d0e00000| Untracked 
| 221|0x00000000d0f00000, 0x00000000d0f00000, 0x00000000d1000000|  0%| F|  |TAMS 0x00000000d0f00000, 0x00000000d0f00000| Untracked 
| 222|0x00000000d1000000, 0x00000000d1000000, 0x00000000d1100000|  0%| F|  |TAMS 0x00000000d1000000, 0x00000000d1000000| Untracked 
| 223|0x00000000d1100000, 0x00000000d1100000, 0x00000000d1200000|  0%| F|  |TAMS 0x00000000d1100000, 0x00000000d1100000| Untracked 
| 224|0x00000000d1200000, 0x00000000d1200000, 0x00000000d1300000|  0%| F|  |TAMS 0x00000000d1200000, 0x00000000d1200000| Untracked 
| 225|0x00000000d1300000, 0x00000000d1300000, 0x00000000d1400000|  0%| F|  |TAMS 0x00000000d1300000, 0x00000000d1300000| Untracked 
| 226|0x00000000d1400000, 0x00000000d1400000, 0x00000000d1500000|  0%| F|  |TAMS 0x00000000d1400000, 0x00000000d1400000| Untracked 
| 227|0x00000000d1500000, 0x00000000d1500000, 0x00000000d1600000|  0%| F|  |TAMS 0x00000000d1500000, 0x00000000d1500000| Untracked 
| 228|0x00000000d1600000, 0x00000000d1600000, 0x00000000d1700000|  0%| F|  |TAMS 0x00000000d1600000, 0x00000000d1600000| Untracked 
| 229|0x00000000d1700000, 0x00000000d1700000, 0x00000000d1800000|  0%| F|  |TAMS 0x00000000d1700000, 0x00000000d1700000| Untracked 
| 230|0x00000000d1800000, 0x00000000d1800000, 0x00000000d1900000|  0%| F|  |TAMS 0x00000000d1800000, 0x00000000d1800000| Untracked 
| 231|0x00000000d1900000, 0x00000000d1900000, 0x00000000d1a00000|  0%| F|  |TAMS 0x00000000d1900000, 0x00000000d1900000| Untracked 
| 232|0x00000000d1a00000, 0x00000000d1a00000, 0x00000000d1b00000|  0%| F|  |TAMS 0x00000000d1a00000, 0x00000000d1a00000| Untracked 
| 233|0x00000000d1b00000, 0x00000000d1b00000, 0x00000000d1c00000|  0%| F|  |TAMS 0x00000000d1b00000, 0x00000000d1b00000| Untracked 
| 234|0x00000000d1c00000, 0x00000000d1c00000, 0x00000000d1d00000|  0%| F|  |TAMS 0x00000000d1c00000, 0x00000000d1c00000| Untracked 
| 235|0x00000000d1d00000, 0x00000000d1d30580, 0x00000000d1e00000| 18%| E|  |TAMS 0x00000000d1d00000, 0x00000000d1d00000| Complete 
| 236|0x00000000d1e00000, 0x00000000d1e994f0, 0x00000000d1f00000| 59%| S|CS|TAMS 0x00000000d1e00000, 0x00000000d1e00000| Complete 
| 237|0x00000000d1f00000, 0x00000000d2000000, 0x00000000d2000000|100%| S|CS|TAMS 0x00000000d1f00000, 0x00000000d1f00000| Complete 
| 238|0x00000000d2000000, 0x00000000d2100000, 0x00000000d2100000|100%| S|CS|TAMS 0x00000000d2000000, 0x00000000d2000000| Complete 
| 239|0x00000000d2100000, 0x00000000d2200000, 0x00000000d2200000|100%| E|CS|TAMS 0x00000000d2100000, 0x00000000d2100000| Complete 

Card table byte_map: [0x000001ef1d260000,0x000001ef1d450000] _byte_map_base: 0x000001ef1cc47000

Marking Bits (Prev, Next): (CMBitMap*) 0x000001ef067d3ad0, (CMBitMap*) 0x000001ef067d3a90
 Prev Bits: [0x000001ef1e580000, 0x000001ef1f4b8000)
 Next Bits: [0x000001ef1d640000, 0x000001ef1e578000)

Polling page: 0x000001ef04790000

Metaspace:

Usage:
  Non-class:     12.11 MB used.
      Class:      1.87 MB used.
       Both:     13.99 MB used.

Virtual space:
  Non-class space:       64.00 MB reserved,      12.25 MB ( 19%) committed,  1 nodes.
      Class space:        1.00 GB reserved,       2.00 MB ( <1%) committed,  1 nodes.
             Both:        1.06 GB reserved,      14.25 MB (  1%) committed. 

Chunk freelists:
   Non-Class:  3.62 MB
       Class:  14.00 MB
        Both:  17.62 MB

MaxMetaspaceSize: unlimited
CompressedClassSpaceSize: 1.00 GB
Initial GC threshold: 21.00 MB
Current GC threshold: 23.75 MB
CDS: on
MetaspaceReclaimPolicy: balanced
 - commit_granule_bytes: 65536.
 - commit_granule_words: 8192.
 - virtual_space_node_default_size: 8388608.
 - enlarge_chunks_in_place: 1.
 - new_chunks_are_fully_committed: 0.
 - uncommit_free_chunks: 1.
 - use_allocation_guard: 0.
 - handle_deallocations: 1.


Internal statistics:

num_allocs_failed_limit: 0.
num_arena_births: 192.
num_arena_deaths: 0.
num_vsnodes_births: 2.
num_vsnodes_deaths: 0.
num_space_committed: 228.
num_space_uncommitted: 0.
num_chunks_returned_to_freelist: 0.
num_chunks_taken_from_freelist: 623.
num_chunk_merges: 0.
num_chunk_splits: 433.
num_chunks_enlarged: 346.
num_inconsistent_stats: 0.

CodeHeap 'non-profiled nmethods': size=120000Kb used=1026Kb max_used=1026Kb free=118974Kb
 bounds [0x000001ef15b40000, 0x000001ef15db0000, 0x000001ef1d070000]
CodeHeap 'profiled nmethods': size=120000Kb used=5458Kb max_used=5458Kb free=114541Kb
 bounds [0x000001ef0e070000, 0x000001ef0e5d0000, 0x000001ef155a0000]
CodeHeap 'non-nmethods': size=5760Kb used=1402Kb max_used=1418Kb free=4357Kb
 bounds [0x000001ef155a0000, 0x000001ef15810000, 0x000001ef15b40000]
 total_blobs=3570 nmethods=2809 adapters=673
 compilation: enabled
              stopped_count=0, restarted_count=0
 full_count=0

Compilation events (20 events):
Event: 29.525 Thread 0x000001ef21924630 2802       3       java.lang.Module::allows (60 bytes)
Event: 29.525 Thread 0x000001ef21924630 nmethod 2802 0x000001ef0e5c2410 code [0x000001ef0e5c2600, 0x000001ef0e5c2c48]
Event: 29.525 Thread 0x000001ef21924630 2801       3       java.lang.reflect.Modifier::isFinal (13 bytes)
Event: 29.525 Thread 0x000001ef21924630 nmethod 2801 0x000001ef0e5c2d90 code [0x000001ef0e5c2f20, 0x000001ef0e5c3078]
Event: 29.531 Thread 0x000001ef21924630 2804       3       java.lang.invoke.MethodHandleNatives$CallSiteContext::run (5 bytes)
Event: 29.532 Thread 0x000001ef2191a040 nmethod 2796 0x000001ef15c3dc10 code [0x000001ef15c3dda0, 0x000001ef15c3e278]
Event: 29.532 Thread 0x000001ef21924630 nmethod 2804 0x000001ef0e5c3110 code [0x000001ef0e5c32a0, 0x000001ef0e5c33c8]
Event: 29.532 Thread 0x000001ef2191a040 2803       4       java.lang.StringUTF16::compress (50 bytes)
Event: 29.540 Thread 0x000001ef2191a040 nmethod 2803 0x000001ef15c3e510 code [0x000001ef15c3e680, 0x000001ef15c3e9f8]
Event: 29.540 Thread 0x000001ef2191a040 2807       4       com.sun.javafx.iio.gif.GIFImageLoader2::decodePalette (290 bytes)
Event: 29.561 Thread 0x000001ef2191a040 nmethod 2807 0x000001ef15c3eb10 code [0x000001ef15c3ecc0, 0x000001ef15c3f748]
Event: 29.561 Thread 0x000001ef2191a040 2805       4       com.sun.javafx.iio.gif.GIFImageLoader2$LZWDecoder::initTable (114 bytes)
Event: 29.591 Thread 0x000001ef2191a040 nmethod 2805 0x000001ef15c3fc90 code [0x000001ef15c3fe40, 0x000001ef15c403b8]
Event: 29.591 Thread 0x000001ef2191a040 2806       4       com.sun.javafx.iio.gif.GIFImageLoader2::decodeImage (161 bytes)
Event: 29.760 Thread 0x000001ef21924630 2808       1       com.sun.javafx.iio.ImageFrame::setPixelScale (6 bytes)
Event: 29.760 Thread 0x000001ef21924630 nmethod 2808 0x000001ef15c40510 code [0x000001ef15c406a0, 0x000001ef15c40778]
Event: 29.784 Thread 0x000001ef21924630 2810       3       java.io.BufferedInputStream::fill (203 bytes)
Event: 29.786 Thread 0x000001ef21924630 nmethod 2810 0x000001ef0e5c3490 code [0x000001ef0e5c3700, 0x000001ef0e5c4368]
Event: 29.786 Thread 0x000001ef21924630 2811       3       java.io.BufferedInputStream::getInIfOpen (21 bytes)
Event: 29.786 Thread 0x000001ef21924630 nmethod 2811 0x000001ef0e5c4710 code [0x000001ef0e5c48c0, 0x000001ef0e5c4ac8]

GC Heap History (20 events):
Event: 6.869 GC heap before
{Heap before GC invocations=20 (full 0):
 garbage-first heap   total 132096K, used 77427K [0x00000000c3200000, 0x0000000100000000)
  region size 1024K, 2 young (2048K), 1 survivors (1024K)
 Metaspace       used 8920K, committed 9152K, reserved 1114112K
  class space    used 1151K, committed 1280K, reserved 1048576K
}
Event: 6.870 GC heap after
{Heap after GC invocations=21 (full 0):
 garbage-first heap   total 132096K, used 77429K [0x00000000c3200000, 0x0000000100000000)
  region size 1024K, 1 young (1024K), 1 survivors (1024K)
 Metaspace       used 8920K, committed 9152K, reserved 1114112K
  class space    used 1151K, committed 1280K, reserved 1048576K
}
Event: 6.909 GC heap before
{Heap before GC invocations=22 (full 0):
 garbage-first heap   total 138240K, used 80501K [0x00000000c3200000, 0x0000000100000000)
  region size 1024K, 2 young (2048K), 1 survivors (1024K)
 Metaspace       used 8920K, committed 9152K, reserved 1114112K
  class space    used 1151K, committed 1280K, reserved 1048576K
}
Event: 6.910 GC heap after
{Heap after GC invocations=23 (full 0):
 garbage-first heap   total 138240K, used 80493K [0x00000000c3200000, 0x0000000100000000)
  region size 1024K, 1 young (1024K), 1 survivors (1024K)
 Metaspace       used 8920K, committed 9152K, reserved 1114112K
  class space    used 1151K, committed 1280K, reserved 1048576K
}
Event: 29.526 GC heap before
{Heap before GC invocations=24 (full 0):
 garbage-first heap   total 140288K, used 103021K [0x00000000c3200000, 0x0000000100000000)
  region size 1024K, 23 young (23552K), 1 survivors (1024K)
 Metaspace       used 14321K, committed 14592K, reserved 1114112K
  class space    used 1919K, committed 2048K, reserved 1048576K
}
Event: 29.531 GC heap after
{Heap after GC invocations=25 (full 0):
 garbage-first heap   total 140288K, used 84632K [0x00000000c3200000, 0x0000000100000000)
  region size 1024K, 3 young (3072K), 3 survivors (3072K)
 Metaspace       used 14321K, committed 14592K, reserved 1114112K
  class space    used 1919K, committed 2048K, reserved 1048576K
}
Event: 29.571 GC heap before
{Heap before GC invocations=26 (full 0):
 garbage-first heap   total 158720K, used 95896K [0x00000000c3200000, 0x0000000100000000)
  region size 1024K, 6 young (6144K), 3 survivors (3072K)
 Metaspace       used 14322K, committed 14592K, reserved 1114112K
  class space    used 1919K, committed 2048K, reserved 1048576K
}
Event: 29.575 GC heap after
{Heap after GC invocations=27 (full 0):
 garbage-first heap   total 158720K, used 95062K [0x00000000c3200000, 0x0000000100000000)
  region size 1024K, 3 young (3072K), 3 survivors (3072K)
 Metaspace       used 14322K, committed 14592K, reserved 1114112K
  class space    used 1919K, committed 2048K, reserved 1048576K
}
Event: 29.613 GC heap before
{Heap before GC invocations=28 (full 0):
 garbage-first heap   total 178176K, used 107350K [0x00000000c3200000, 0x0000000100000000)
  region size 1024K, 6 young (6144K), 3 survivors (3072K)
 Metaspace       used 14322K, committed 14592K, reserved 1114112K
  class space    used 1919K, committed 2048K, reserved 1048576K
}
Event: 29.617 GC heap after
{Heap after GC invocations=29 (full 0):
 garbage-first heap   total 178176K, used 106334K [0x00000000c3200000, 0x0000000100000000)
  region size 1024K, 3 young (3072K), 3 survivors (3072K)
 Metaspace       used 14322K, committed 14592K, reserved 1114112K
  class space    used 1919K, committed 2048K, reserved 1048576K
}
Event: 29.653 GC heap before
{Heap before GC invocations=30 (full 0):
 garbage-first heap   total 196608K, used 117598K [0x00000000c3200000, 0x0000000100000000)
  region size 1024K, 6 young (6144K), 3 survivors (3072K)
 Metaspace       used 14322K, committed 14592K, reserved 1114112K
  class space    used 1919K, committed 2048K, reserved 1048576K
}
Event: 29.658 GC heap after
{Heap after GC invocations=31 (full 0):
 garbage-first heap   total 196608K, used 116606K [0x00000000c3200000, 0x0000000100000000)
  region size 1024K, 3 young (3072K), 3 survivors (3072K)
 Metaspace       used 14322K, committed 14592K, reserved 1114112K
  class space    used 1919K, committed 2048K, reserved 1048576K
}
Event: 29.689 GC heap before
{Heap before GC invocations=32 (full 0):
 garbage-first heap   total 208896K, used 126846K [0x00000000c3200000, 0x0000000100000000)
  region size 1024K, 6 young (6144K), 3 survivors (3072K)
 Metaspace       used 14322K, committed 14592K, reserved 1114112K
  class space    used 1919K, committed 2048K, reserved 1048576K
}
Event: 29.693 GC heap after
{Heap after GC invocations=33 (full 0):
 garbage-first heap   total 208896K, used 125880K [0x00000000c3200000, 0x0000000100000000)
  region size 1024K, 3 young (3072K), 3 survivors (3072K)
 Metaspace       used 14322K, committed 14592K, reserved 1114112K
  class space    used 1919K, committed 2048K, reserved 1048576K
}
Event: 29.724 GC heap before
{Heap before GC invocations=34 (full 0):
 garbage-first heap   total 224256K, used 134072K [0x00000000c3200000, 0x0000000100000000)
  region size 1024K, 5 young (5120K), 3 survivors (3072K)
 Metaspace       used 14322K, committed 14592K, reserved 1114112K
  class space    used 1919K, committed 2048K, reserved 1048576K
}
Event: 29.727 GC heap after
{Heap after GC invocations=35 (full 0):
 garbage-first heap   total 224256K, used 133208K [0x00000000c3200000, 0x0000000100000000)
  region size 1024K, 3 young (3072K), 3 survivors (3072K)
 Metaspace       used 14322K, committed 14592K, reserved 1114112K
  class space    used 1919K, committed 2048K, reserved 1048576K
}
Event: 29.755 GC heap before
{Heap before GC invocations=36 (full 0):
 garbage-first heap   total 235520K, used 141400K [0x00000000c3200000, 0x0000000100000000)
  region size 1024K, 5 young (5120K), 3 survivors (3072K)
 Metaspace       used 14322K, committed 14592K, reserved 1114112K
  class space    used 1919K, committed 2048K, reserved 1048576K
}
Event: 29.759 GC heap after
{Heap after GC invocations=37 (full 0):
 garbage-first heap   total 235520K, used 140206K [0x00000000c3200000, 0x0000000100000000)
  region size 1024K, 3 young (3072K), 3 survivors (3072K)
 Metaspace       used 14322K, committed 14592K, reserved 1114112K
  class space    used 1919K, committed 2048K, reserved 1048576K
}
Event: 29.791 GC heap before
{Heap before GC invocations=38 (full 0):
 garbage-first heap   total 245760K, used 148398K [0x00000000c3200000, 0x0000000100000000)
  region size 1024K, 5 young (5120K), 3 survivors (3072K)
 Metaspace       used 14322K, committed 14592K, reserved 1114112K
  class space    used 1919K, committed 2048K, reserved 1048576K
}
Event: 29.797 GC heap after
{Heap after GC invocations=39 (full 0):
 garbage-first heap   total 245760K, used 147477K [0x00000000c3200000, 0x0000000100000000)
  region size 1024K, 3 young (3072K), 3 survivors (3072K)
 Metaspace       used 14322K, committed 14592K, reserved 1114112K
  class space    used 1919K, committed 2048K, reserved 1048576K
}

Deoptimization events (20 events):
Event: 29.765 Thread 0x000001ef21b3bec0 DEOPT PACKING pc=0x000001ef0e2a5d86 sp=0x000000dad25fb740
Event: 29.765 Thread 0x000001ef21b3bec0 DEOPT UNPACKING pc=0x000001ef155f2b24 sp=0x000000dad25fac60 mode 0
Event: 29.774 Thread 0x000001ef21b3bec0 DEOPT PACKING pc=0x000001ef0e2a5d86 sp=0x000000dad25fb740
Event: 29.774 Thread 0x000001ef21b3bec0 DEOPT UNPACKING pc=0x000001ef155f2b24 sp=0x000000dad25fac60 mode 0
Event: 29.782 Thread 0x000001ef21b3bec0 DEOPT PACKING pc=0x000001ef0e2a5d86 sp=0x000000dad25fb740
Event: 29.782 Thread 0x000001ef21b3bec0 DEOPT UNPACKING pc=0x000001ef155f2b24 sp=0x000000dad25fac60 mode 0
Event: 29.785 Thread 0x000001ef21b3bec0 DEOPT PACKING pc=0x000001ef0e2a5d86 sp=0x000000dad25fb740
Event: 29.785 Thread 0x000001ef21b3bec0 DEOPT UNPACKING pc=0x000001ef155f2b24 sp=0x000000dad25fac60 mode 0
Event: 29.788 Thread 0x000001ef21b3bec0 DEOPT PACKING pc=0x000001ef0e2a5d86 sp=0x000000dad25fb740
Event: 29.788 Thread 0x000001ef21b3bec0 DEOPT UNPACKING pc=0x000001ef155f2b24 sp=0x000000dad25fac60 mode 0
Event: 29.799 Thread 0x000001ef21b3bec0 DEOPT PACKING pc=0x000001ef0e2a5d86 sp=0x000000dad25fb740
Event: 29.800 Thread 0x000001ef21b3bec0 DEOPT UNPACKING pc=0x000001ef155f2b24 sp=0x000000dad25fac60 mode 0
Event: 29.803 Thread 0x000001ef21b3bec0 DEOPT PACKING pc=0x000001ef0e2a5d86 sp=0x000000dad25fb740
Event: 29.803 Thread 0x000001ef21b3bec0 DEOPT UNPACKING pc=0x000001ef155f2b24 sp=0x000000dad25fac60 mode 0
Event: 29.804 Thread 0x000001ef21b3bec0 DEOPT PACKING pc=0x000001ef0e2a3f0e sp=0x000000dad25fb6d0
Event: 29.804 Thread 0x000001ef21b3bec0 DEOPT UNPACKING pc=0x000001ef155f2b24 sp=0x000000dad25fac60 mode 0
Event: 29.812 Thread 0x000001ef21b3bec0 DEOPT PACKING pc=0x000001ef0e2a5d86 sp=0x000000dad25fb740
Event: 29.812 Thread 0x000001ef21b3bec0 DEOPT UNPACKING pc=0x000001ef155f2b24 sp=0x000000dad25fac60 mode 0
Event: 29.815 Thread 0x000001ef21b3bec0 DEOPT PACKING pc=0x000001ef0e2a5d86 sp=0x000000dad25fb740
Event: 29.815 Thread 0x000001ef21b3bec0 DEOPT UNPACKING pc=0x000001ef155f2b24 sp=0x000000dad25fac60 mode 0

Classes unloaded (0 events):
No events

Classes redefined (0 events):
No events

Internal exceptions (20 events):
Event: 5.509 Thread 0x000001ef21b3bec0 Exception <a 'sun/nio/fs/WindowsException'{0x00000000c6468228}> (0x00000000c6468228) 
thrown [s\open\src\hotspot\share\prims\jni.cpp, line 516]
Event: 5.556 Thread 0x000001ef21b3bec0 Exception <a 'sun/nio/fs/WindowsException'{0x00000000c64ee090}> (0x00000000c64ee090) 
thrown [s\open\src\hotspot\share\prims\jni.cpp, line 516]
Event: 5.599 Thread 0x000001ef21b3bec0 Exception <a 'java/lang/NoSuchMethodError'{0x00000000c64fbbe8}: 'java.lang.Object java.lang.invoke.DirectMethodHandle$Holder.invokeStatic(java.lang.Object, int, java.lang.Object)'> (0x00000000c64fbbe8) 
thrown [s\open\src\hotspot\share\interpreter\linkResolver.cpp, line 759]
Event: 5.608 Thread 0x000001ef21b3bec0 Exception <a 'java/lang/ClassNotFoundException'{0x00000000c6310028}: sun/util/logging/resources/spi/loggingProvider> (0x00000000c6310028) 
thrown [s\open\src\hotspot\share\classfile\systemDictionary.cpp, line 256]
Event: 6.143 Thread 0x000001ef21b3bec0 Exception <a 'java/lang/NoSuchMethodError'{0x00000000c6c0a5f0}: 'void java.lang.invoke.DirectMethodHandle$Holder.invokeStaticInit(java.lang.Object, java.lang.Object)'> (0x00000000c6c0a5f0) 
thrown [s\open\src\hotspot\share\interpreter\linkResolver.cpp, line 759]
Event: 7.363 Thread 0x000001ef21b3bec0 Implicit null exception at 0x000001ef15b72ed8 to 0x000001ef15b72f6e
Event: 7.467 Thread 0x000001ef21b3bec0 Implicit null exception at 0x000001ef15bc118c to 0x000001ef15bc1514
Event: 8.002 Thread 0x000001ef21b3bec0 Exception <a 'java/lang/NoSuchMethodError'{0x00000000cb00d080}: 'java.lang.Object java.lang.invoke.DirectMethodHandle$Holder.invokeInterface(java.lang.Object, java.lang.Object, java.lang.Object)'> (0x00000000cb00d080) 
thrown [s\open\src\hotspot\share\interpreter\linkResolver.cpp, line 759]
Event: 8.002 Thread 0x000001ef21b3bec0 Exception <a 'java/lang/IncompatibleClassChangeError'{0x00000000cb010a08}: Found class java.lang.Object, but interface was expected> (0x00000000cb010a08) 
thrown [s\open\src\hotspot\share\interpreter\linkResolver.cpp, line 826]
Event: 9.815 Thread 0x000001ef21b3bec0 Exception <a 'java/io/FileNotFoundException'{0x00000000cad47ea8}> (0x00000000cad47ea8) 
thrown [s\open\src\hotspot\share\prims\jni.cpp, line 516]
Event: 9.816 Thread 0x000001ef21b3bec0 Exception <a 'java/io/FileNotFoundException'{0x00000000cad49798}> (0x00000000cad49798) 
thrown [s\open\src\hotspot\share\prims\jni.cpp, line 516]
Event: 9.822 Thread 0x000001ef21b3bec0 Exception <a 'java/io/FileNotFoundException'{0x00000000cad7f868}> (0x00000000cad7f868) 
thrown [s\open\src\hotspot\share\prims\jni.cpp, line 516]
Event: 9.823 Thread 0x000001ef21b3bec0 Exception <a 'java/io/FileNotFoundException'{0x00000000cad80b98}> (0x00000000cad80b98) 
thrown [s\open\src\hotspot\share\prims\jni.cpp, line 516]
Event: 10.306 Thread 0x000001ef21b3bec0 Exception <a 'java/lang/NoSuchMethodError'{0x00000000cab13a10}: 'java.lang.Object java.lang.invoke.DirectMethodHandle$Holder.newInvokeSpecial(java.lang.Object, java.lang.Object, int)'> (0x00000000cab13a10) 
thrown [s\open\src\hotspot\share\interpreter\linkResolver.cpp, line 759]
Event: 10.486 Thread 0x000001ef21b3bec0 Exception <a 'java/lang/NoSuchMethodError'{0x00000000caa4d710}: 'long java.lang.invoke.DirectMethodHandle$Holder.invokeStatic(java.lang.Object, java.lang.Object, java.lang.Object)'> (0x00000000caa4d710) 
thrown [s\open\src\hotspot\share\interpreter\linkResolver.cpp, line 759]
Event: 10.487 Thread 0x000001ef21b3bec0 Exception <a 'java/lang/NoSuchMethodError'{0x00000000caa50eb8}: 'long java.lang.invoke.DirectMethodHandle$Holder.invokeStaticInit(java.lang.Object, java.lang.Object, java.lang.Object)'> (0x00000000caa50eb8) 
thrown [s\open\src\hotspot\share\interpreter\linkResolver.cpp, line 759]
Event: 10.493 Thread 0x000001ef21b3bec0 Exception <a 'java/lang/NoSuchMethodError'{0x00000000caa68ac0}: 'java.lang.Object java.lang.invoke.DirectMethodHandle$Holder.newInvokeSpecial(java.lang.Object, java.lang.Object, long)'> (0x00000000caa68ac0) 
thrown [s\open\src\hotspot\share\interpreter\linkResolver.cpp, line 759]
Event: 10.493 Thread 0x000001ef21b3bec0 Exception <a 'java/lang/NoSuchMethodError'{0x00000000caa6c630}: 'java.lang.Object java.lang.invoke.Invokers$Holder.linkToTargetMethod(java.lang.Object, long, java.lang.Object)'> (0x00000000caa6c630) 
thrown [s\open\src\hotspot\share\interpreter\linkResolver.cpp, line 759]
Event: 10.653 Thread 0x000001ef21b3a060 Exception <a 'java/lang/NoSuchMethodError'{0x00000000ca91a540}: 'int java.lang.invoke.DirectMethodHandle$Holder.invokeStaticInit(java.lang.Object, java.lang.Object)'> (0x00000000ca91a540) 
thrown [s\open\src\hotspot\share\interpreter\linkResolver.cpp, line 759]
Event: 11.098 Thread 0x000001ef21b3a060 Exception <a 'java/lang/NoSuchMethodError'{0x00000000ca873c28}: 'java.lang.Object java.lang.invoke.DirectMethodHandle$Holder.invokeStaticInit(java.lang.Object, int)'> (0x00000000ca873c28) 
thrown [s\open\src\hotspot\share\interpreter\linkResolver.cpp, line 759]

VM Operations (20 events):
Event: 29.693 Executing VM operation: G1TryInitiateConcMark done
Event: 29.709 Executing VM operation: G1Concurrent
Event: 29.712 Executing VM operation: G1Concurrent done
Event: 29.720 Executing VM operation: G1Concurrent
Event: 29.721 Executing VM operation: G1Concurrent done
Event: 29.723 Executing VM operation: G1TryInitiateConcMark
Event: 29.727 Executing VM operation: G1TryInitiateConcMark done
Event: 29.743 Executing VM operation: G1Concurrent
Event: 29.746 Executing VM operation: G1Concurrent done
Event: 29.753 Executing VM operation: G1Concurrent
Event: 29.753 Executing VM operation: G1Concurrent done
Event: 29.755 Executing VM operation: G1TryInitiateConcMark
Event: 29.759 Executing VM operation: G1TryInitiateConcMark done
Event: 29.776 Executing VM operation: G1Concurrent
Event: 29.780 Executing VM operation: G1Concurrent done
Event: 29.789 Executing VM operation: G1Concurrent
Event: 29.789 Executing VM operation: G1Concurrent done
Event: 29.791 Executing VM operation: G1TryInitiateConcMark
Event: 29.797 Executing VM operation: G1TryInitiateConcMark done
Event: 29.816 Executing VM operation: G1Concurrent

Events (20 events):
Event: 10.801 loading class java/nio/DoubleBuffer
Event: 10.809 loading class java/nio/DoubleBuffer done
Event: 10.810 loading class java/nio/DirectFloatBufferU
Event: 10.810 loading class java/nio/DirectFloatBufferU done
Event: 11.099 loading class java/lang/FdLibm$Hypot
Event: 11.116 loading class java/lang/FdLibm$Hypot done
Event: 11.116 loading class java/lang/FdLibm
Event: 11.116 loading class java/lang/FdLibm done
Event: 13.920 loading class java/lang/Throwable$WrappedPrintStream
Event: 13.920 loading class java/lang/Throwable$PrintStreamOrWriter
Event: 13.920 loading class java/lang/Throwable$PrintStreamOrWriter done
Event: 13.920 loading class java/lang/Throwable$WrappedPrintStream done
Event: 27.999 loading class java/util/EnumMap$Values
Event: 28.285 loading class java/util/EnumMap$Values done
Event: 28.285 loading class java/util/EnumMap$ValueIterator
Event: 28.285 loading class java/util/EnumMap$EnumMapIterator
Event: 28.285 loading class java/util/EnumMap$EnumMapIterator done
Event: 28.285 loading class java/util/EnumMap$ValueIterator done
Event: 28.819 loading class java/io/UnsupportedEncodingException
Event: 28.905 loading class java/io/UnsupportedEncodingException done


Dynamic libraries:
0x00007ff724560000 - 0x00007ff724570000 	D:\Programs\Java\jdk-17\bin\java.exe
0x00007fffb87b0000 - 0x00007fffb89a8000 	C:\Windows\SYSTEM32\ntdll.dll
0x00007fffa00b0000 - 0x00007fffa00cb000 	C:\Program Files\Avast Software\Avast\aswhook.dll
0x00007fffb7b30000 - 0x00007fffb7bf2000 	C:\Windows\System32\KERNEL32.DLL
0x00007fffb5e40000 - 0x00007fffb6136000 	C:\Windows\System32\KERNELBASE.dll
0x00007fffb65a0000 - 0x00007fffb66a0000 	C:\Windows\System32\ucrtbase.dll
0x00007fff977a0000 - 0x00007fff977bb000 	D:\Programs\Java\jdk-17\bin\VCRUNTIME140.dll
0x00007fff88da0000 - 0x00007fff88db9000 	D:\Programs\Java\jdk-17\bin\jli.dll
0x00007fffb6b00000 - 0x00007fffb6baf000 	C:\Windows\System32\ADVAPI32.dll
0x00007fffb6a60000 - 0x00007fffb6afe000 	C:\Windows\System32\msvcrt.dll
0x00007fffb6bb0000 - 0x00007fffb6c4f000 	C:\Windows\System32\sechost.dll
0x00007fffb80f0000 - 0x00007fffb8213000 	C:\Windows\System32\RPCRT4.dll
0x00007fffb6340000 - 0x00007fffb6367000 	C:\Windows\System32\bcrypt.dll
0x00007fffb7db0000 - 0x00007fffb7f4d000 	C:\Windows\System32\USER32.dll
0x00007fffb5200000 - 0x00007fffb549a000 	C:\Windows\WinSxS\amd64_microsoft.windows.common-controls_6595b64144ccf1df_6.0.19041.4355_none_60b8b9eb71f62e16\COMCTL32.dll
0x00007fffb6140000 - 0x00007fffb6162000 	C:\Windows\System32\win32u.dll
0x00007fffb6fb0000 - 0x00007fffb6fdb000 	C:\Windows\System32\GDI32.dll
0x00007fffb6170000 - 0x00007fffb628a000 	C:\Windows\System32\gdi32full.dll
0x00007fffb6730000 - 0x00007fffb67cd000 	C:\Windows\System32\msvcp_win.dll
0x00007fffb2200000 - 0x00007fffb220a000 	C:\Windows\SYSTEM32\VERSION.dll
0x00007fffb6a30000 - 0x00007fffb6a5f000 	C:\Windows\System32\IMM32.DLL
0x00007fff9ba50000 - 0x00007fff9ba5c000 	D:\Programs\Java\jdk-17\bin\vcruntime140_1.dll
0x00007fff5dd30000 - 0x00007fff5ddbe000 	D:\Programs\Java\jdk-17\bin\msvcp140.dll
0x00007fff568c0000 - 0x00007fff574a1000 	D:\Programs\Java\jdk-17\bin\server\jvm.dll
0x00007fffb7b20000 - 0x00007fffb7b28000 	C:\Windows\System32\PSAPI.DLL
0x00007fffa4eb0000 - 0x00007fffa4ed7000 	C:\Windows\SYSTEM32\WINMM.dll
0x00007fffab290000 - 0x00007fffab299000 	C:\Windows\SYSTEM32\WSOCK32.dll
0x00007fffb7f60000 - 0x00007fffb7fcb000 	C:\Windows\System32\WS2_32.dll
0x00007fffb3640000 - 0x00007fffb3652000 	C:\Windows\SYSTEM32\kernel.appcore.dll
0x00007fff97f90000 - 0x00007fff97f9a000 	D:\Programs\Java\jdk-17\bin\jimage.dll
0x00007fffb5860000 - 0x00007fffb5a44000 	C:\Windows\SYSTEM32\DBGHELP.DLL
0x00007fffb5780000 - 0x00007fffb57b4000 	C:\Windows\SYSTEM32\dbgcore.DLL
0x00007fffb66a0000 - 0x00007fffb6722000 	C:\Windows\System32\bcryptPrimitives.dll
0x00007fff8c920000 - 0x00007fff8c945000 	D:\Programs\Java\jdk-17\bin\java.dll
0x00007fff59300000 - 0x00007fff593d7000 	D:\Programs\Java\jdk-17\bin\jsvml.dll
0x00007fffb73b0000 - 0x00007fffb7b1f000 	C:\Windows\System32\SHELL32.dll
0x00007fffb3840000 - 0x00007fffb3fe3000 	C:\Windows\SYSTEM32\windows.storage.dll
0x00007fffb6c50000 - 0x00007fffb6fa5000 	C:\Windows\System32\combase.dll
0x00007fffb5160000 - 0x00007fffb518b000 	C:\Windows\SYSTEM32\Wldp.dll
0x00007fffb7c00000 - 0x00007fffb7ccd000 	C:\Windows\System32\OLEAUT32.dll
0x00007fffb6980000 - 0x00007fffb6a2d000 	C:\Windows\System32\SHCORE.dll
0x00007fffb68c0000 - 0x00007fffb6915000 	C:\Windows\System32\shlwapi.dll
0x00007fffb5d70000 - 0x00007fffb5d95000 	C:\Windows\SYSTEM32\profapi.dll
0x00007fff890d0000 - 0x00007fff890e9000 	D:\Programs\Java\jdk-17\bin\net.dll
0x00007fffad2a0000 - 0x00007fffad3aa000 	C:\Windows\SYSTEM32\WINHTTP.dll
0x00007fffb5050000 - 0x00007fffb50bc000 	C:\Windows\system32\mswsock.dll
0x00007fff88730000 - 0x00007fff88746000 	D:\Programs\Java\jdk-17\bin\nio.dll
0x00007fff878a0000 - 0x00007fff878b8000 	D:\Programs\Java\jdk-17\bin\zip.dll
0x000001ef066e0000 - 0x000001ef066e3000 	C:\Users\MAVET\.openjfx\cache\13\api-ms-win-core-console-l1-1-0.dll
0x000001ef066f0000 - 0x000001ef066f3000 	C:\Users\MAVET\.openjfx\cache\13\api-ms-win-core-datetime-l1-1-0.dll
0x000001ef06700000 - 0x000001ef06703000 	C:\Users\MAVET\.openjfx\cache\13\api-ms-win-core-debug-l1-1-0.dll
0x000001ef06710000 - 0x000001ef06713000 	C:\Users\MAVET\.openjfx\cache\13\api-ms-win-core-errorhandling-l1-1-0.dll
0x000001ef06720000 - 0x000001ef06724000 	C:\Users\MAVET\.openjfx\cache\13\api-ms-win-core-file-l1-1-0.dll
0x000001ef06730000 - 0x000001ef06733000 	C:\Users\MAVET\.openjfx\cache\13\api-ms-win-core-file-l1-2-0.dll
0x000001ef06740000 - 0x000001ef06743000 	C:\Users\MAVET\.openjfx\cache\13\api-ms-win-core-file-l2-1-0.dll
0x000001ef06750000 - 0x000001ef06753000 	C:\Users\MAVET\.openjfx\cache\13\api-ms-win-core-handle-l1-1-0.dll
0x000001ef21f20000 - 0x000001ef21f23000 	C:\Users\MAVET\.openjfx\cache\13\api-ms-win-core-heap-l1-1-0.dll
0x000001ef21f30000 - 0x000001ef21f33000 	C:\Users\MAVET\.openjfx\cache\13\api-ms-win-core-interlocked-l1-1-0.dll
0x000001ef21f40000 - 0x000001ef21f43000 	C:\Users\MAVET\.openjfx\cache\13\api-ms-win-core-libraryloader-l1-1-0.dll
0x000001ef21f50000 - 0x000001ef21f53000 	C:\Users\MAVET\.openjfx\cache\13\api-ms-win-core-localization-l1-2-0.dll
0x000001ef21f60000 - 0x000001ef21f63000 	C:\Users\MAVET\.openjfx\cache\13\api-ms-win-core-memory-l1-1-0.dll
0x000001ef21f70000 - 0x000001ef21f73000 	C:\Users\MAVET\.openjfx\cache\13\api-ms-win-core-namedpipe-l1-1-0.dll
0x000001ef21f80000 - 0x000001ef21f83000 	C:\Users\MAVET\.openjfx\cache\13\api-ms-win-core-processenvironment-l1-1-0.dll
0x000001ef21f90000 - 0x000001ef21f93000 	C:\Users\MAVET\.openjfx\cache\13\api-ms-win-core-processthreads-l1-1-0.dll
0x000001ef21fa0000 - 0x000001ef21fa3000 	C:\Users\MAVET\.openjfx\cache\13\api-ms-win-core-processthreads-l1-1-1.dll
0x000001ef21fb0000 - 0x000001ef21fb3000 	C:\Users\MAVET\.openjfx\cache\13\api-ms-win-core-profile-l1-1-0.dll
0x000001ef21fc0000 - 0x000001ef21fc3000 	C:\Users\MAVET\.openjfx\cache\13\api-ms-win-core-rtlsupport-l1-1-0.dll
0x000001ef21fd0000 - 0x000001ef21fd3000 	C:\Users\MAVET\.openjfx\cache\13\api-ms-win-core-string-l1-1-0.dll
0x000001ef21fe0000 - 0x000001ef21fe3000 	C:\Users\MAVET\.openjfx\cache\13\api-ms-win-core-synch-l1-1-0.dll
0x000001ef21ff0000 - 0x000001ef21ff3000 	C:\Users\MAVET\.openjfx\cache\13\api-ms-win-core-synch-l1-2-0.dll
0x000001ef67800000 - 0x000001ef67803000 	C:\Users\MAVET\.openjfx\cache\13\api-ms-win-core-sysinfo-l1-1-0.dll
0x000001ef67810000 - 0x000001ef67813000 	C:\Users\MAVET\.openjfx\cache\13\api-ms-win-core-timezone-l1-1-0.dll
0x000001ef67820000 - 0x000001ef67823000 	C:\Users\MAVET\.openjfx\cache\13\api-ms-win-core-util-l1-1-0.dll
0x000001ef67830000 - 0x000001ef67833000 	C:\Users\MAVET\.openjfx\cache\13\api-ms-win-crt-conio-l1-1-0.dll
0x000001ef67840000 - 0x000001ef67844000 	C:\Users\MAVET\.openjfx\cache\13\api-ms-win-crt-convert-l1-1-0.dll
0x000001ef67850000 - 0x000001ef67853000 	C:\Users\MAVET\.openjfx\cache\13\api-ms-win-crt-environment-l1-1-0.dll
0x000001ef67860000 - 0x000001ef67863000 	C:\Users\MAVET\.openjfx\cache\13\api-ms-win-crt-filesystem-l1-1-0.dll
0x000001ef67870000 - 0x000001ef67873000 	C:\Users\MAVET\.openjfx\cache\13\api-ms-win-crt-heap-l1-1-0.dll
0x000001ef67880000 - 0x000001ef67883000 	C:\Users\MAVET\.openjfx\cache\13\api-ms-win-crt-locale-l1-1-0.dll
0x000001ef67890000 - 0x000001ef67895000 	C:\Users\MAVET\.openjfx\cache\13\api-ms-win-crt-math-l1-1-0.dll
0x000001ef678a0000 - 0x000001ef678a5000 	C:\Users\MAVET\.openjfx\cache\13\api-ms-win-crt-multibyte-l1-1-0.dll
0x000001ef678b0000 - 0x000001ef678c0000 	C:\Users\MAVET\.openjfx\cache\13\api-ms-win-crt-private-l1-1-0.dll
0x000001ef678c0000 - 0x000001ef678c3000 	C:\Users\MAVET\.openjfx\cache\13\api-ms-win-crt-process-l1-1-0.dll
0x000001ef678d0000 - 0x000001ef678d4000 	C:\Users\MAVET\.openjfx\cache\13\api-ms-win-crt-runtime-l1-1-0.dll
0x000001ef678e0000 - 0x000001ef678e4000 	C:\Users\MAVET\.openjfx\cache\13\api-ms-win-crt-stdio-l1-1-0.dll
0x000001ef678f0000 - 0x000001ef678f4000 	C:\Users\MAVET\.openjfx\cache\13\api-ms-win-crt-string-l1-1-0.dll
0x000001ef67900000 - 0x000001ef67903000 	C:\Users\MAVET\.openjfx\cache\13\api-ms-win-crt-time-l1-1-0.dll
0x000001ef67910000 - 0x000001ef67913000 	C:\Users\MAVET\.openjfx\cache\13\api-ms-win-crt-utility-l1-1-0.dll
0x00007fff4dd60000 - 0x00007fff4de5c000 	C:\Users\MAVET\.openjfx\cache\13\ucrtbase.dll
0x00007fffa2950000 - 0x00007fffa2965000 	C:\Users\MAVET\.openjfx\cache\13\vcruntime140.dll
0x00007fff4d0b0000 - 0x00007fff4d14b000 	C:\Users\MAVET\.openjfx\cache\13\msvcp140.dll
0x00007fff588b0000 - 0x00007fff58901000 	C:\Users\MAVET\.openjfx\cache\13\concrt140.dll
0x00007fff8c950000 - 0x00007fff8c973000 	C:\Users\MAVET\.openjfx\cache\13\prism_d3d.dll
0x00007fff89380000 - 0x00007fff89551000 	C:\Windows\system32\d3d9.dll
0x00007fffb3330000 - 0x00007fffb335f000 	C:\Windows\SYSTEM32\dwmapi.dll
0x00007fffb31c0000 - 0x00007fffb325e000 	C:\Windows\system32\uxtheme.dll
0x0000000180000000 - 0x0000000180806000 	C:\Windows\SYSTEM32\igdumd64.dll
0x00007fff4c830000 - 0x00007fff4c875000 	C:\Users\MAVET\.openjfx\cache\13\glass.dll
0x00007fffb7cd0000 - 0x00007fffb7daa000 	C:\Windows\System32\COMDLG32.dll
0x00007fffb7190000 - 0x00007fffb72bb000 	C:\Windows\System32\ole32.dll
0x00007fffb7fd0000 - 0x00007fffb80e5000 	C:\Windows\System32\MSCTF.dll
0x00007fff9f220000 - 0x00007fff9f234000 	C:\Users\MAVET\.openjfx\cache\13\javafx_font.dll
0x00007fffa8ff0000 - 0x00007fffa926f000 	C:\Windows\SYSTEM32\dwrite.dll
0x00007fffb86c0000 - 0x00007fffb8769000 	C:\Windows\System32\clbcatq.dll
0x00007fffb2f60000 - 0x00007fffb3114000 	C:\Windows\SYSTEM32\WindowsCodecs.dll
0x00007fffaaef0000 - 0x00007fffaaf2e000 	C:\Windows\system32\dataexchange.dll
0x00007fffb1200000 - 0x00007fffb13e4000 	C:\Windows\system32\dcomp.dll
0x00007fffb0b30000 - 0x00007fffb0d93000 	C:\Windows\system32\d3d11.dll
0x00007fffb4050000 - 0x00007fffb4146000 	C:\Windows\system32\dxgi.dll
0x00007fffaf740000 - 0x00007fffaf943000 	C:\Windows\system32\twinapi.appcore.dll
0x00007fff8b660000 - 0x00007fff8b694000 	C:\Program Files\Common Files\Microsoft Shared\Ink\rtscom.dll
0x00007fffa9f10000 - 0x00007fffaa009000 	C:\Windows\SYSTEM32\textinputframework.dll
0x00007fffb1ab0000 - 0x00007fffb1e0b000 	C:\Windows\System32\CoreUIComponents.dll
0x00007fffb1990000 - 0x00007fffb1a82000 	C:\Windows\System32\CoreMessaging.dll
0x00007fffb17b0000 - 0x00007fffb1907000 	C:\Windows\SYSTEM32\wintypes.dll
0x00007fffb5b90000 - 0x00007fffb5bc3000 	C:\Windows\SYSTEM32\ntmarta.dll

dbghelp: loaded successfully - version: 4.0.5 - missing functions: none
symbol engine: initialized successfully - sym options: 0x614 - pdb path: .;D:\Programs\Java\jdk-17\bin;C:\Windows\SYSTEM32;C:\Program Files\Avast Software\Avast;C:\Windows\WinSxS\amd64_microsoft.windows.common-controls_6595b64144ccf1df_6.0.19041.4355_none_60b8b9eb71f62e16;D:\Programs\Java\jdk-17\bin\server;C:\Users\MAVET\.openjfx\cache\13;C:\Program Files\Common Files\Microsoft Shared\Ink

VM Arguments:
jvm_args: --module-path=D:\Programs\Neduc\target\classes;C:\Users\MAVET\.m2\repository\org\mindrot\jbcrypt\0.4\jbcrypt-0.4.jar;C:\Users\MAVET\.m2\repository\org\openjfx\javafx-base\13\javafx-base-13-win.jar;C:\Users\MAVET\.m2\repository\org\openjfx\javafx-controls\13\javafx-controls-13-win.jar;C:\Users\MAVET\.m2\repository\org\openjfx\javafx-fxml\13\javafx-fxml-13-win.jar;C:\Users\MAVET\.m2\repository\org\openjfx\javafx-graphics\13\javafx-graphics-13-win.jar --add-modules=com.neduc.neduc -Djdk.module.main=com.neduc.neduc 
java_command: com.neduc.neduc/com.neduc.neduc.App
java_class_path (initial): D:\Programs\Neduc\target\classes;C:\Users\MAVET\.m2\repository\javax\persistence\javax.persistence-api\2.2\javax.persistence-api-2.2.jar;C:\Users\MAVET\.m2\repository\org\checkerframework\checker-qual\3.5.0\checker-qual-3.5.0.jar;C:\Users\MAVET\.m2\repository\org\eclipse\persistence\jakarta.persistence\2.2.3\jakarta.persistence-2.2.3.jar;C:\Users\MAVET\.m2\repository\org\eclipse\persistence\org.eclipse.persistence.antlr\2.7.12\org.eclipse.persistence.antlr-2.7.12.jar;C:\Users\MAVET\.m2\repository\org\eclipse\persistence\org.eclipse.persistence.asm\9.4.0\org.eclipse.persistence.asm-9.4.0.jar;C:\Users\MAVET\.m2\repository\org\eclipse\persistence\org.eclipse.persistence.core\2.7.12\org.eclipse.persistence.core-2.7.12.jar;C:\Users\MAVET\.m2\repository\org\eclipse\persistence\org.eclipse.persistence.jpa\2.7.12\org.eclipse.persistence.jpa-2.7.12.jar;C:\Users\MAVET\.m2\repository\org\eclipse\persistence\org.eclipse.persistence.jpa.jpql\2.7.12\org.eclipse.persistence.jpa.jpql-2.7.12.jar;C:\Users\MAVET\.m2\repository\org\eclipse\persistence\org.eclipse.persistence.moxy\2.7.12\org.eclipse.persistence.moxy-2.7.12.jar;C:\Users\MAVET\.m2\repository\org\openjfx\javafx-base\13\javafx-base-13.jar;C:\Users\MAVET\.m2\repository\org\openjfx\javafx-controls\13\javafx-controls-13.jar;C:\Users\MAVET\.m2\repository\org\openjfx\javafx-fxml\13\javafx-fxml-13.jar;C:\Users\MAVET\.m2\repository\org\openjfx\javafx-graphics\13\javafx-graphics-13.jar;C:\Users\MAVET\.m2\repository\org\postgresql\postgresql\42.5.4\postgresql-42.5.4.jar
Launcher Type: SUN_STANDARD

[Global flags]
     intx CICompilerCount                          = 3                                         {product} {ergonomic}
     uint ConcGCThreads                            = 1                                         {product} {ergonomic}
     uint G1ConcRefinementThreads                  = 4                                         {product} {ergonomic}
   size_t G1HeapRegionSize                         = 1048576                                   {product} {ergonomic}
    uintx GCDrainStackTargetSize                   = 64                                        {product} {ergonomic}
   size_t InitialHeapSize                          = 65011712                                  {product} {ergonomic}
   size_t MarkStackSize                            = 4194304                                   {product} {ergonomic}
   size_t MaxHeapSize                              = 1021313024                                {product} {ergonomic}
   size_t MaxNewSize                               = 612368384                                 {product} {ergonomic}
   size_t MinHeapDeltaBytes                        = 1048576                                   {product} {ergonomic}
   size_t MinHeapSize                              = 8388608                                   {product} {ergonomic}
    uintx NonNMethodCodeHeapSize                   = 5832780                                {pd product} {ergonomic}
    uintx NonProfiledCodeHeapSize                  = 122912730                              {pd product} {ergonomic}
    uintx ProfiledCodeHeapSize                     = 122912730                              {pd product} {ergonomic}
    uintx ReservedCodeCacheSize                    = 251658240                              {pd product} {ergonomic}
     bool SegmentedCodeCache                       = true                                      {product} {ergonomic}
   size_t SoftMaxHeapSize                          = 1021313024                             {manageable} {ergonomic}
     bool UseCompressedClassPointers               = true                           {product lp64_product} {ergonomic}
     bool UseCompressedOops                        = true                           {product lp64_product} {ergonomic}
     bool UseG1GC                                  = true                                      {product} {ergonomic}
     bool UseLargePagesIndividualAllocation        = false                                  {pd product} {ergonomic}

Logging:
Log output configuration:
 #0: stdout all=warning uptime,level,tags
 #1: stderr all=off uptime,level,tags

Environment Variables:
JAVA_HOME=D:\Programs\Java\jdk-17
PATH=C:\Program Files\Common Files\Oracle\Java\javapath;C:\Windows\system32;C:\Windows;C:\Windows\System32\Wbem;C:\Windows\System32\WindowsPowerShell\v1.0\;C:\Windows\System32\OpenSSH\;C:\Program Files\Microsoft SQL Server\150\Tools\Binn\;C:\Program Files\Microsoft SQL Server\Client SDK\ODBC\170\Tools\Binn\;C:\Program Files\dotnet\;C:\Program Files (x86)\Windows Kits\10\Windows Performance Toolkit\;C:\Program Files\Git\cmd;C:\Program Files\Git\bin;C:\flutter\bin;D:\Programs\Java\jdk-17\;D:\Programs\Java\jdk-23\;D:\Programs\Cygwin\bin;D:\Programs\Maven\apache-maven-3.9.9\bin;D:\Programs\PostgreSQL\17\bin;C:\Users\MAVET\AppData\Local\Microsoft\WindowsApps;C:\Users\MAVET\.dotnet\tools;C:\Users\MAVET\AppData\Local\Programs\Microsoft VS Code\bin
USERNAME=MAVET
OS=Windows_NT
PROCESSOR_IDENTIFIER=Intel64 Family 6 Model 37 Stepping 5, GenuineIntel



---------------  S Y S T E M  ---------------

OS:
 Windows 10 , 64 bit Build 19041 (10.0.19041.5678)
OS uptime: 0 days 0:36 hours

CPU: total 4 (initial active 4) (2 cores per cpu, 2 threads per core) family 6 model 37 stepping 5 microcode 0x7, cx8, cmov, fxsr, ht, mmx, sse, sse2, sse3, ssse3, sse4.1, sse4.2, popcnt, tsc, tscinvbit, aes, clmul, clflush

Memory: 4k page, system-wide physical 3893M (317M free)
TotalPageFile size 4884M (AvailPageFile size 11M)
current process WorkingSet (physical memory assigned to process): 351M, peak: 351M
current process commit charge ("private bytes"): 457M, peak: 472M

vm_info: Java HotSpot(TM) 64-Bit Server VM (17.0.14+8-LTS-191) for windows-amd64 JRE (17.0.14+8-LTS-191), built on Dec  3 2024 11:07:59 by "mach5one" with MS VC++ 17.6 (VS2022)

END.
